Component: ARM Compiler 5.06 update 5 (build 528) Tool: armlink [4d35e2]

==============================================================================

Section Cross References

    main.o(i.DATA_Report) refers to printf8.o(i.__0printf$8) for __2printf
    main.o(i.DATA_Report) refers to printf8.o(i.__0sprintf$8) for __2sprintf
    main.o(i.DATA_Report) refers to oled.o(i.OLED_ShowString) for OLED_ShowString
    main.o(i.DATA_Report) refers to main.o(.data) for .data
    main.o(i.DATA_Report) refers to main.o(.bss) for .bss
    main.o(i.MPU_Read) refers to inv_mpu.o(i.mpu_dmp_get_data) for mpu_dmp_get_data
    main.o(i.MPU_Read) refers to bsp_mpu6050.o(i.MPU_Get_Temperature) for MPU_Get_Temperature
    main.o(i.MPU_Read) refers to bsp_mpu6050.o(i.MPU_Get_Accelerometer) for MPU_Get_Accelerometer
    main.o(i.MPU_Read) refers to bsp_mpu6050.o(i.MPU_Get_Gyroscope) for MPU_Get_Gyroscope
    main.o(i.MPU_Read) refers to main.o(.data) for .data
    main.o(i.SYS_Init) refers to delay.o(i.delay_init) for delay_init
    main.o(i.SYS_Init) refers to usart.o(i.uart_init) for uart_init
    main.o(i.SYS_Init) refers to led.o(i.LED_Init) for LED_Init
    main.o(i.SYS_Init) refers to bsp_mpu6050.o(i.MPU_Init) for MPU_Init
    main.o(i.SYS_Init) refers to oled.o(i.OLED_ShowString) for OLED_ShowString
    main.o(i.SYS_Init) refers to led.o(i.LED_R_Tog) for LED_R_Tog
    main.o(i.SYS_Init) refers to delay.o(i.delay_ms) for delay_ms
    main.o(i.SYS_Init) refers to printf8.o(i.__0printf$8) for __2printf
    main.o(i.SYS_Init) refers to inv_mpu.o(i.mpu_dmp_init) for mpu_dmp_init
    main.o(i.SYS_Init) refers to main.o(.data) for .data
    main.o(i.main) refers to main.o(i.SYS_Init) for SYS_Init
    main.o(i.main) refers to main.o(i.MPU_Read) for MPU_Read
    main.o(i.main) refers to main.o(i.DATA_Report) for DATA_Report
    system_msp432p401r.o(i.SystemCoreClockUpdate) refers to system_msp432p401r.o(.data) for .data
    startup_msp432p401r_uvision.o(RESET) refers to startup_msp432p401r_uvision.o(STACK) for __initial_sp
    startup_msp432p401r_uvision.o(RESET) refers to startup_msp432p401r_uvision.o(.text) for Reset_Handler
    startup_msp432p401r_uvision.o(.text) refers to system_msp432p401r.o(i.SystemInit) for SystemInit
    startup_msp432p401r_uvision.o(.text) refers to entry.o(.ARM.Collect$$$$00000000) for __main
    led.o(i.LED_W_Tog) refers to led.o(i.LED_R_Tog) for LED_R_Tog
    led.o(i.LED_W_Tog) refers to led.o(i.LED_G_Tog) for LED_G_Tog
    led.o(i.LED_W_Tog) refers to led.o(i.LED_B_Tog) for LED_B_Tog
    key.o(i.KEY_Init) refers to gpio.o(i.GPIO_setAsInputPinWithPullUpResistor) for GPIO_setAsInputPinWithPullUpResistor
    key.o(i.KEY_Scan) refers to key.o(.data) for .data
    oled.o(i.I2C_SW_Configuration) refers to delay.o(i.delay_ms) for delay_ms
    oled.o(i.OLED_Clear) refers to oled.o(i.OLED_WR_Byte) for OLED_WR_Byte
    oled.o(i.OLED_ColorTurn) refers to oled.o(i.OLED_WR_Byte) for OLED_WR_Byte
    oled.o(i.OLED_DisplayTurn) refers to oled.o(i.OLED_WR_Byte) for OLED_WR_Byte
    oled.o(i.OLED_Display_Off) refers to oled.o(i.OLED_WR_Byte) for OLED_WR_Byte
    oled.o(i.OLED_Display_On) refers to oled.o(i.OLED_WR_Byte) for OLED_WR_Byte
    oled.o(i.OLED_DrawBMP) refers to oled.o(i.OLED_Set_Pos) for OLED_Set_Pos
    oled.o(i.OLED_DrawBMP) refers to oled.o(i.OLED_WR_Byte) for OLED_WR_Byte
    oled.o(i.OLED_Init) refers to oled.o(i.I2C_SW_Configuration) for I2C_SW_Configuration
    oled.o(i.OLED_Init) refers to oled.o(i.OLED_WR_Byte) for OLED_WR_Byte
    oled.o(i.OLED_Init) refers to oled.o(i.OLED_Clear) for OLED_Clear
    oled.o(i.OLED_Refresh) refers to oled.o(i.OLED_WR_Byte) for OLED_WR_Byte
    oled.o(i.OLED_Refresh) refers to oled.o(.bss) for .bss
    oled.o(i.OLED_Set_Pos) refers to oled.o(i.OLED_WR_Byte) for OLED_WR_Byte
    oled.o(i.OLED_ShowChar) refers to oled.o(i.OLED_Set_Pos) for OLED_Set_Pos
    oled.o(i.OLED_ShowChar) refers to oled.o(i.OLED_WR_Byte) for OLED_WR_Byte
    oled.o(i.OLED_ShowChar) refers to oled.o(.constdata) for .constdata
    oled.o(i.OLED_ShowChinese) refers to oled.o(i.OLED_Set_Pos) for OLED_Set_Pos
    oled.o(i.OLED_ShowChinese) refers to oled.o(i.OLED_WR_Byte) for OLED_WR_Byte
    oled.o(i.OLED_ShowChinese) refers to oled.o(.constdata) for .constdata
    oled.o(i.OLED_ShowNum) refers to oled.o(i.oled_pow) for oled_pow
    oled.o(i.OLED_ShowNum) refers to oled.o(i.OLED_ShowChar) for OLED_ShowChar
    oled.o(i.OLED_ShowString) refers to oled.o(i.OLED_ShowChar) for OLED_ShowChar
    oled.o(i.OLED_WR_Byte) refers to oled.o(i.I2C_Start) for I2C_Start
    oled.o(i.OLED_WR_Byte) refers to oled.o(i.Send_Byte) for Send_Byte
    oled.o(i.OLED_WR_Byte) refers to oled.o(i.I2C_WaitAck) for I2C_WaitAck
    oled.o(i.OLED_WR_Byte) refers to oled.o(i.I2C_Stop) for I2C_Stop
    bsp_mpu6050.o(i.IIC_Ack) refers to gpio.o(i.GPIO_setOutputLowOnPin) for GPIO_setOutputLowOnPin
[...]
    Removing uart.o(i.UART_transmitBreak), (44 bytes).
    Removing uart.o(i.UART_unregisterInterrupt), (80 bytes).
    Removing interrupt.o(.rev16_text), (4 bytes).
    Removing interrupt.o(.revsh_text), (4 bytes).
    Removing interrupt.o(.rrx_text), (6 bytes).
    Removing interrupt.o(i.IntDefaultHandler), (2 bytes).
    Removing interrupt.o(i.Interrupt_disableInterrupt), (92 bytes).
    Removing interrupt.o(i.Interrupt_disableMaster), (14 bytes).
    Removing interrupt.o(i.Interrupt_disableSleepOnIsrExit), (16 bytes).
    Removing interrupt.o(i.Interrupt_enableInterrupt), (92 bytes).
    Removing interrupt.o(i.Interrupt_enableMaster), (14 bytes).
    Removing interrupt.o(i.Interrupt_enableSleepOnIsrExit), (16 bytes).
    Removing interrupt.o(i.Interrupt_getPriority), (24 bytes).
    Removing interrupt.o(i.Interrupt_getPriorityGrouping), (36 bytes).
    Removing interrupt.o(i.Interrupt_getPriorityMask), (10 bytes).
    Removing interrupt.o(i.Interrupt_getVectorTableAddress), (12 bytes).
    Removing interrupt.o(i.Interrupt_isEnabled), (100 bytes).
    Removing interrupt.o(i.Interrupt_pendInterrupt), (76 bytes).
    Removing interrupt.o(i.Interrupt_registerInterrupt), (48 bytes).
    Removing interrupt.o(i.Interrupt_setPriority), (36 bytes).
    Removing interrupt.o(i.Interrupt_setPriorityGrouping), (40 bytes).
    Removing interrupt.o(i.Interrupt_setPriorityMask), (4 bytes).
    Removing interrupt.o(i.Interrupt_setVectorTableAddress), (12 bytes).
    Removing interrupt.o(i.Interrupt_unpendInterrupt), (64 bytes).
    Removing interrupt.o(i.Interrupt_unregisterInterrupt), (20 bytes).
    Removing interrupt.o(.constdata), (144 bytes).
    Removing interrupt.o(vtable), (232 bytes).
    Removing sysctl_a.o(.rev16_text), (4 bytes).
    Removing sysctl_a.o(.revsh_text), (4 bytes).
    Removing sysctl_a.o(.rrx_text), (6 bytes).
    Removing sysctl_a.o(i.SysCtl_A_disableGlitchFilter), (16 bytes).
    Removing sysctl_a.o(i.SysCtl_A_disableNMISource), (16 bytes).
    Removing sysctl_a.o(i.SysCtl_A_disablePeripheralAtCPUHalt), (16 bytes).
    Removing sysctl_a.o(i.SysCtl_A_disableSRAM), (96 bytes).
    Removing sysctl_a.o(i.SysCtl_A_disableSRAMRetention), (272 bytes).
    Removing sysctl_a.o(i.SysCtl_A_enableGlitchFilter), (16 bytes).
    Removing sysctl_a.o(i.SysCtl_A_enableNMISource), (16 bytes).
    Removing sysctl_a.o(i.SysCtl_A_enablePeripheralAtCPUHalt), (16 bytes).
    Removing sysctl_a.o(i.SysCtl_A_enableSRAM), (96 bytes).
    Removing sysctl_a.o(i.SysCtl_A_enableSRAMRetention), (284 bytes).
    Removing sysctl_a.o(i.SysCtl_A_getFlashSize), (12 bytes).
    Removing sysctl_a.o(i.SysCtl_A_getInfoFlashSize), (12 bytes).
    Removing sysctl_a.o(i.SysCtl_A_getNMISourceStatus), (16 bytes).
    Removing sysctl_a.o(i.SysCtl_A_getSRAMSize), (12 bytes).
    Removing sysctl_a.o(i.SysCtl_A_getTempCalibrationConstant), (12 bytes).
    Removing sysctl_a.o(i.SysCtl_A_rebootDevice), (16 bytes).
    Removing sysctl_a.o(i.SysCtl_A_setWDTPasswordViolationResetType), (28 bytes).
    Removing sysctl_a.o(i.SysCtl_A_setWDTTimeoutResetType), (28 bytes).
    Removing cpu.o(.rev16_text), (4 bytes).
    Removing cpu.o(.revsh_text), (4 bytes).
    Removing cpu.o(.rrx_text), (6 bytes).
    Removing cpu.o(.emb_text), (38 bytes).
    Removing dneg.o(.text), (6 bytes).
    Removing dfixul.o(.text), (48 bytes).
    Removing cdrcmple.o(.text), (48 bytes).
    Removing cdcmple.o(.text), (48 bytes).

225 unused section(s) (total 10029 bytes) removed from the image.

==============================================================================

Image Symbol Table

    Local Symbols

    Symbol Name                              Value     Ov Type        Size  Object(Section)

    RESET                                    0x00000000   Section      324  startup_msp432p401r_uvision.o(RESET)
    ../clib/microlib/division.c              0x00000000   Number         0  ldiv.o ABSOLUTE
    ../clib/microlib/division.c              0x00000000   Number         0  uidiv.o ABSOLUTE
    ../clib/microlib/division.c              0x00000000   Number         0  uldiv.o ABSOLUTE
    ../clib/microlib/errno.c                 0x00000000   Number         0  errno.o ABSOLUTE
    ../clib/microlib/init/entry.s            0x00000000   Number         0  entry5.o ABSOLUTE
    ../clib/microlib/init/entry.s            0x00000000   Number         0  entry11a.o ABSOLUTE
    ../clib/microlib/init/entry.s            0x00000000   Number         0  entry11b.o ABSOLUTE
    ../clib/microlib/init/entry.s            0x00000000   Number         0  entry2.o ABSOLUTE
    ../clib/microlib/init/entry.s            0x00000000   Number         0  entry10a.o ABSOLUTE
    ../clib/microlib/init/entry.s            0x00000000   Number         0  entry7a.o ABSOLUTE
    ../clib/microlib/init/entry.s            0x00000000   Number         0  entry7b.o ABSOLUTE
    ../clib/microlib/init/entry.s            0x00000000   Number         0  entry8a.o ABSOLUTE
    ../clib/microlib/init/entry.s            0x00000000   Number         0  entry8b.o ABSOLUTE
    ../clib/microlib/init/entry.s            0x00000000   Number         0  entry9a.o ABSOLUTE
    ../clib/microlib/init/entry.s            0x00000000   Number         0  entry9b.o ABSOLUTE
    ../clib/microlib/init/entry.s            0x00000000   Number         0  entry10b.o ABSOLUTE
    ../clib/microlib/init/entry.s            0x00000000   Number         0  entry.o ABSOLUTE
    ../clib/microlib/longlong.c              0x00000000   Number         0  llshl.o ABSOLUTE
    ../clib/microlib/longlong.c              0x00000000   Number         0  llsshr.o ABSOLUTE
    ../clib/microlib/longlong.c              0x00000000   Number         0  llushr.o ABSOLUTE
    ../clib/microlib/printf/printf.c         0x00000000   Number         0  printf2.o ABSOLUTE
    ../clib/microlib/printf/printf.c         0x00000000   Number         0  printf3.o ABSOLUTE
    ../clib/microlib/printf/printf.c         0x00000000   Number         0  printfa.o ABSOLUTE
    ../clib/microlib/printf/printf.c         0x00000000   Number         0  printf4.o ABSOLUTE
    ../clib/microlib/printf/printf.c         0x00000000   Number         0  printf5.o ABSOLUTE
    ../clib/microlib/printf/printf.c         0x00000000   Number         0  printf6.o ABSOLUTE
    ../clib/microlib/printf/printf.c         0x00000000   Number         0  printf7.o ABSOLUTE
    ../clib/microlib/printf/printf.c         0x00000000   Number         0  printf8.o ABSOLUTE
    ../clib/microlib/printf/printf.c         0x00000000   Number         0  printfb.o ABSOLUTE
    ../clib/microlib/printf/printf.c         0x00000000   Number         0  printf0.o ABSOLUTE
    ../clib/microlib/printf/printf.c         0x00000000   Number         0  printf1.o ABSOLUTE
    ../clib/microlib/printf/stubs.s          0x00000000   Number         0  stubs.o ABSOLUTE
    ../clib/microlib/string/memcmp.c         0x00000000   Number         0  memcmp.o ABSOLUTE
    ../clib/microlib/string/memcpy.c         0x00000000   Number         0  memcpyb.o ABSOLUTE
    ../clib/microlib/string/memcpy.c         0x00000000   Number         0  memcpya.o ABSOLUTE
    ../clib/microlib/string/memset.c         0x00000000   Number         0  memseta.o ABSOLUTE
    ../clib/microlib/stubs.s                 0x00000000   Number         0  iusefp.o ABSOLUTE
    ../clib/microlib/stubs.s                 0x00000000   Number         0  useno.o ABSOLUTE
    ../fplib/microlib/d2f.c                  0x00000000   Number         0  d2f.o ABSOLUTE
    ../fplib/microlib/f2d.c                  0x00000000   Number         0  f2d.o ABSOLUTE
    ../fplib/microlib/fpadd.c                0x00000000   Number         0  dadd.o ABSOLUTE
    ../fplib/microlib/fpdiv.c                0x00000000   Number         0  ddiv.o ABSOLUTE
    ../fplib/microlib/fpepilogue.c           0x00000000   Number         0  fepilogue.o ABSOLUTE
    ../fplib/microlib/fpepilogue.c           0x00000000   Number         0  depilogue.o ABSOLUTE
    ../fplib/microlib/fpfix.c                0x00000000   Number         0  dfixul.o ABSOLUTE
    ../fplib/microlib/fpflt.c                0x00000000   Number         0  dflti.o ABSOLUTE
    ../fplib/microlib/fpmul.c                0x00000000   Number         0  dmul.o ABSOLUTE
    ../fplib/microlib/fpneg.c                0x00000000   Number         0  dneg.o ABSOLUTE
    ../fplib/microlib/fpsqrt.c               0x00000000   Number         0  dsqrt.o ABSOLUTE
    ../mathlib/asin.c                        0x00000000   Number         0  asin_x.o ABSOLUTE
    ../mathlib/asin.c                        0x00000000   Number         0  asin.o ABSOLUTE
    ../mathlib/atan.c                        0x00000000   Number         0  atan_x.o ABSOLUTE
    ../mathlib/atan.c                        0x00000000   Number         0  atan.o ABSOLUTE
    ../mathlib/atan2.c                       0x00000000   Number         0  atan2.o ABSOLUTE
    ../mathlib/atan2.c                       0x00000000   Number         0  atan2_x.o ABSOLUTE
    ../mathlib/dunder.c                      0x00000000   Number         0  dunder.o ABSOLUTE
    ../mathlib/fabs.c                        0x00000000   Number         0  fabs.o ABSOLUTE
    ../mathlib/fpclassify.c                  0x00000000   Number         0  fpclassify.o ABSOLUTE
    ../mathlib/poly.c                        0x00000000   Number         0  poly.o ABSOLUTE
    ../mathlib/qnan.c                        0x00000000   Number         0  qnan.o ABSOLUTE
    ../mathlib/sqrt.c                        0x00000000   Number         0  sqrt_x.o ABSOLUTE
    ../mathlib/sqrt.c                        0x00000000   Number         0  sqrt.o ABSOLUTE
    ../system_msp432p401r.c                  0x00000000   Number         0  system_msp432p401r.o ABSOLUTE
    ..\SYSTEM\baudarte.c                     0x00000000   Number         0  baudarte.o ABSOLUTE
    ..\SYSTEM\delay.c                        0x00000000   Number         0  delay.o ABSOLUTE
    ..\SYSTEM\inv_mpu.c                      0x00000000   Number         0  inv_mpu.o ABSOLUTE
    ..\SYSTEM\inv_mpu_dmp_motion_driver.c    0x00000000   Number         0  inv_mpu_dmp_motion_driver.o ABSOLUTE
    ..\SYSTEM\sysinit.c                      0x00000000   Number         0  sysinit.o ABSOLUTE
    ..\SYSTEM\usart.c                        0x00000000   Number         0  usart.o ABSOLUTE
    ..\\SYSTEM\\baudarte.c                   0x00000000   Number         0  baudarte.o ABSOLUTE
    ..\\SYSTEM\\delay.c                      0x00000000   Number         0  delay.o ABSOLUTE
    ..\\SYSTEM\\inv_mpu.c                    0x00000000   Number         0  inv_mpu.o ABSOLUTE
    ..\\SYSTEM\\inv_mpu_dmp_motion_driver.c  0x00000000   Number         0  inv_mpu_dmp_motion_driver.o ABSOLUTE
    ..\\SYSTEM\\sysinit.c                    0x00000000   Number         0  sysinit.o ABSOLUTE
    ..\\SYSTEM\\usart.c                      0x00000000   Number         0  usart.o ABSOLUTE
    ..\\hardware\\bsp_mpu6050.c              0x00000000   Number         0  bsp_mpu6050.o ABSOLUTE
    ..\\hardware\\key.c                      0x00000000   Number         0  key.o ABSOLUTE
    ..\\hardware\\led.c                      0x00000000   Number         0  led.o ABSOLUTE
    ..\\hardware\\oled.c                     0x00000000   Number         0  oled.o ABSOLUTE
    ..\\main.c                               0x00000000   Number         0  main.o ABSOLUTE
    ..\hardware\bsp_mpu6050.c                0x00000000   Number         0  bsp_mpu6050.o ABSOLUTE
    ..\hardware\key.c                        0x00000000   Number         0  key.o ABSOLUTE
    ..\hardware\led.c                        0x00000000   Number         0  led.o ABSOLUTE
    ..\hardware\oled.c                       0x00000000   Number         0  oled.o ABSOLUTE
    ..\main.c                                0x00000000   Number         0  main.o ABSOLUTE
    ..\system_msp432p401r.c                  0x00000000   Number         0  system_msp432p401r.o ABSOLUTE
    cdcmple.s                                0x00000000   Number         0  cdcmple.o ABSOLUTE
    cdrcmple.s                               0x00000000   Number         0  cdrcmple.o ABSOLUTE
    dc.s                                     0x00000000   Number         0  dc.o ABSOLUTE
    handlers.s                               0x00000000   Number         0  handlers.o ABSOLUTE
    init.s                                   0x00000000   Number         0  init.o ABSOLUTE
    source/ti/devices/msp432p4xx/driverlib/cpu.c 0x00000000   Number         0  cpu.o ABSOLUTE
    source/ti/devices/msp432p4xx/driverlib/cpu.c 0x00000000   Number         0  cpu.o ABSOLUTE
    source/ti/devices/msp432p4xx/driverlib/cs.c 0x00000000   Number         0  cs.o ABSOLUTE
    source/ti/devices/msp432p4xx/driverlib/cs.c 0x00000000   Number         0  cs.o ABSOLUTE
    source/ti/devices/msp432p4xx/driverlib/gpio.c 0x00000000   Number         0  gpio.o ABSOLUTE
    source/ti/devices/msp432p4xx/driverlib/gpio.c 0x00000000   Number         0  gpio.o ABSOLUTE
    source/ti/devices/msp432p4xx/driverlib/interrupt.c 0x00000000   Number         0  interrupt.o ABSOLUTE
    source/ti/devices/msp432p4xx/driverlib/interrupt.c 0x00000000   Number         0  interrupt.o ABSOLUTE
    source/ti/devices/msp432p4xx/driverlib/sysctl_a.c 0x00000000   Number         0  sysctl_a.o ABSOLUTE
    source/ti/devices/msp432p4xx/driverlib/sysctl_a.c 0x00000000   Number         0  sysctl_a.o ABSOLUTE
    source/ti/devices/msp432p4xx/driverlib/uart.c 0x00000000   Number         0  uart.o ABSOLUTE
    source/ti/devices/msp432p4xx/driverlib/uart.c 0x00000000   Number         0  uart.o ABSOLUTE
    startup_msp432p401r_uvision.s            0x00000000   Number         0  startup_msp432p401r_uvision.o ABSOLUTE
    .ARM.Collect$$$$00000000                 0x00000144   Section        0  entry.o(.ARM.Collect$$$$00000000)
    .ARM.Collect$$$$00000001                 0x00000144   Section        4  entry2.o(.ARM.Collect$$$$00000001)
    .ARM.Collect$$$$00000004                 0x00000148   Section        4  entry5.o(.ARM.Collect$$$$00000004)
    .ARM.Collect$$$$00000008                 0x0000014c   Section        0  entry7b.o(.ARM.Collect$$$$00000008)
    .ARM.Collect$$$$0000000A                 0x0000014c   Section        0  entry8b.o(.ARM.Collect$$$$0000000A)
    .ARM.Collect$$$$0000000B                 0x0000014c   Section        8  entry9a.o(.ARM.Collect$$$$0000000B)
    .ARM.Collect$$$$0000000D                 0x00000154   Section        0  entry10a.o(.ARM.Collect$$$$0000000D)
    .ARM.Collect$$$$0000000F                 0x00000154   Section        0  entry11a.o(.ARM.Collect$$$$0000000F)
    .ARM.Collect$$$$00002712                 0x00000154   Section        4  entry2.o(.ARM.Collect$$$$00002712)
    __lit__00000000                          0x00000154   Data           4  entry2.o(.ARM.Collect$$$$00002712)
    .text                                    0x00000158   Section       36  startup_msp432p401r_uvision.o(.text)
    $v0                                      0x00000158   Number         0  startup_msp432p401r_uvision.o(.text)
    .text                                    0x0000017c   Section        0  ldiv.o(.text)
    .text                                    0x000001de   Section        0  memcpya.o(.text)
    .text                                    0x00000202   Section        0  memseta.o(.text)
    .text                                    0x00000226   Section        0  memcmp.o(.text)
    .text                                    0x00000240   Section        0  dadd.o(.text)
    .text                                    0x0000038e   Section        0  dmul.o(.text)
    .text                                    0x00000472   Section        0  ddiv.o(.text)
    .text                                    0x00000550   Section        0  dflti.o(.text)
    .text                                    0x00000572   Section        0  f2d.o(.text)
    .text                                    0x00000598   Section        0  d2f.o(.text)
    .text                                    0x000005d0   Section        0  uldiv.o(.text)
    .text                                    0x00000632   Section        0  llshl.o(.text)
    .text                                    0x00000650   Section        0  llsshr.o(.text)
    .text                                    0x00000674   Section        0  fepilogue.o(.text)
    .text                                    0x00000674   Section        0  iusefp.o(.text)
    .text                                    0x000006e2   Section        0  depilogue.o(.text)
    .text                                    0x0000079c   Section       36  init.o(.text)
    .text                                    0x000007c0   Section        0  llushr.o(.text)
    .text                                    0x000007e0   Section        0  dsqrt.o(.text)
    i.CS_clearInterruptFlag                  0x00000884   Section        0  cs.o(i.CS_clearInterruptFlag)
    i.CS_getACLK                             0x000008a8   Section        0  cs.o(i.CS_getACLK)
    i.CS_getDCOFrequency                     0x000008c0   Section        0  cs.o(i.CS_getDCOFrequency)
    i.CS_getMCLK                             0x000009cc   Section        0  cs.o(i.CS_getMCLK)
    i.CS_getSMCLK                            0x000009e4   Section        0  cs.o(i.CS_getSMCLK)
    i.DATA_Report                            0x000009fc   Section        0  main.o(i.DATA_Report)
    i.GPIO_getInputPinValue                  0x00000c08   Section        0  gpio.o(i.GPIO_getInputPinValue)
    i.GPIO_setAsInputPin                     0x00000c1c   Section        0  gpio.o(i.GPIO_setAsInputPin)
    i.GPIO_setAsOutputPin                    0x00000c40   Section        0  gpio.o(i.GPIO_setAsOutputPin)
    i.GPIO_setOutputHighOnPin                0x00000c60   Section        0  gpio.o(i.GPIO_setOutputHighOnPin)
    i.GPIO_setOutputLowOnPin                 0x00000c74   Section        0  gpio.o(i.GPIO_setOutputLowOnPin)
    i.I2C_Start                              0x00000c88   Section        0  oled.o(i.I2C_Start)
    i.I2C_Stop                               0x00000ca0   Section        0  oled.o(i.I2C_Stop)
    i.I2C_WaitAck                            0x00000cb4   Section        0  oled.o(i.I2C_WaitAck)
    i.IIC_Ack                                0x00000cc8   Section        0  bsp_mpu6050.o(i.IIC_Ack)
    i.IIC_Init                               0x00000d02   Section        0  bsp_mpu6050.o(i.IIC_Init)
    i.IIC_NAck                               0x00000d28   Section        0  bsp_mpu6050.o(i.IIC_NAck)
    i.IIC_Read_Byte                          0x00000d62   Section        0  bsp_mpu6050.o(i.IIC_Read_Byte)
    i.IIC_Send_Byte                          0x00000db8   Section        0  bsp_mpu6050.o(i.IIC_Send_Byte)
    i.IIC_Start                              0x00000e22   Section        0  bsp_mpu6050.o(i.IIC_Start)
    i.IIC_Stop                               0x00000e5c   Section        0  bsp_mpu6050.o(i.IIC_Stop)
    i.IIC_Wait_Ack                           0x00000e96   Section        0  bsp_mpu6050.o(i.IIC_Wait_Ack)
    i.LED_Init                               0x00000ed8   Section        0  led.o(i.LED_Init)
    i.LED_R_Tog                              0x00000f10   Section        0  led.o(i.LED_R_Tog)
    i.MPU_Get_Accelerometer                  0x00000f24   Section        0  bsp_mpu6050.o(i.MPU_Get_Accelerometer)
    i.MPU_Get_Gyroscope                      0x00000f56   Section        0  bsp_mpu6050.o(i.MPU_Get_Gyroscope)
    i.MPU_Get_Temperature                    0x00000f88   Section        0  bsp_mpu6050.o(i.MPU_Get_Temperature)
    i.MPU_Init                               0x00000fec   Section        0  bsp_mpu6050.o(i.MPU_Init)
    i.MPU_Read                               0x00001084   Section        0  main.o(i.MPU_Read)
    i.MPU_Read_Byte                          0x000010d4   Section        0  bsp_mpu6050.o(i.MPU_Read_Byte)
    i.MPU_Read_Len                           0x0000110e   Section        0  bsp_mpu6050.o(i.MPU_Read_Len)
    i.MPU_Set_Accel_Fsr                      0x0000116a   Section        0  bsp_mpu6050.o(i.MPU_Set_Accel_Fsr)
    i.MPU_Set_Gyro_Fsr                       0x00001174   Section        0  bsp_mpu6050.o(i.MPU_Set_Gyro_Fsr)
    i.MPU_Set_LPF                            0x0000117e   Section        0  bsp_mpu6050.o(i.MPU_Set_LPF)
    i.MPU_Set_Rate                           0x000011ae   Section        0  bsp_mpu6050.o(i.MPU_Set_Rate)
    i.MPU_Write_Byte                         0x000011dc   Section        0  bsp_mpu6050.o(i.MPU_Write_Byte)
    i.MPU_Write_Len                          0x00001224   Section        0  bsp_mpu6050.o(i.MPU_Write_Len)
    i.OLED_Set_Pos                           0x00001276   Section        0  oled.o(i.OLED_Set_Pos)
    i.OLED_ShowChar                          0x000012a0   Section        0  oled.o(i.OLED_ShowChar)
    i.OLED_ShowString                        0x00001328   Section        0  oled.o(i.OLED_ShowString)
    i.OLED_WR_Byte                           0x00001360   Section        0  oled.o(i.OLED_WR_Byte)
    i.SYS_Init                               0x00001398   Section        0  main.o(i.SYS_Init)
    i.Send_Byte                              0x00001444   Section        0  oled.o(i.Send_Byte)
    i.SysCtl_A_getTLVInfo                    0x0000147c   Section        0  sysctl_a.o(i.SysCtl_A_getTLVInfo)
    i.SystemInit                             0x000014c4   Section        0  system_msp432p401r.o(i.SystemInit)
    i.UART_initModule                        0x00001524   Section        0  uart.o(i.UART_initModule)
    i.UART_transmitData                      0x000015b6   Section        0  uart.o(i.UART_transmitData)
    i._CSComputeCLKFrequency                 0x000015cc   Section        0  cs.o(i._CSComputeCLKFrequency)
    _CSComputeCLKFrequency                   0x000015cd   Thumb Code   176  cs.o(i._CSComputeCLKFrequency)
    i.__0printf$8                            0x0000168c   Section        0  printf8.o(i.__0printf$8)
    i.__0sprintf$8                           0x000016ac   Section        0  printf8.o(i.__0sprintf$8)
    i.__ARM_fpclassify                       0x000016d4   Section        0  fpclassify.o(i.__ARM_fpclassify)
    i.__hardfp_asin                          0x00001708   Section        0  asin.o(i.__hardfp_asin)
    i.__hardfp_atan                          0x00001a68   Section        0  atan.o(i.__hardfp_atan)
    i.__hardfp_atan2                         0x00001d40   Section        0  atan2.o(i.__hardfp_atan2)
    i.__kernel_poly                          0x00001f30   Section        0  poly.o(i.__kernel_poly)
    i.__mathlib_dbl_infnan                   0x00002028   Section        0  dunder.o(i.__mathlib_dbl_infnan)
    i.__mathlib_dbl_infnan2                  0x0000203c   Section        0  dunder.o(i.__mathlib_dbl_infnan2)
    i.__mathlib_dbl_invalid                  0x00002050   Section        0  dunder.o(i.__mathlib_dbl_invalid)
    i.__mathlib_dbl_underflow                0x00002070   Section        0  dunder.o(i.__mathlib_dbl_underflow)
    i.__scatterload_copy                     0x00002090   Section       14  handlers.o(i.__scatterload_copy)
    i.__scatterload_null                     0x0000209e   Section        2  handlers.o(i.__scatterload_null)
    i.__scatterload_zeroinit                 0x000020a0   Section       14  handlers.o(i.__scatterload_zeroinit)
    i.__set_errno                            0x000020b0   Section        0  errno.o(i.__set_errno)
    i._printf_core                           0x000020bc   Section        0  printf8.o(i._printf_core)
    _printf_core                             0x000020bd   Thumb Code   996  printf8.o(i._printf_core)
    i._printf_post_padding                   0x000024cc   Section        0  printf8.o(i._printf_post_padding)
    _printf_post_padding                     0x000024cd   Thumb Code    36  printf8.o(i._printf_post_padding)
    i._printf_pre_padding                    0x000024f0   Section        0  printf8.o(i._printf_pre_padding)
    _printf_pre_padding                      0x000024f1   Thumb Code    46  printf8.o(i._printf_pre_padding)
    i._sputc                                 0x0000251e   Section        0  printf8.o(i._sputc)
    _sputc                                   0x0000251f   Thumb Code    10  printf8.o(i._sputc)
    i.accel_self_test                        0x00002528   Section        0  inv_mpu.o(i.accel_self_test)
    accel_self_test                          0x00002529   Thumb Code   126  inv_mpu.o(i.accel_self_test)
    i.atan                                   0x000025b8   Section        0  atan.o(i.atan)
    i.bitPosition                            0x000025c8   Section        0  baudarte.o(i.bitPosition)
    i.delay_init                             0x000025d8   Section        0  delay.o(i.delay_init)
    i.delay_ms                               0x00002600   Section        0  delay.o(i.delay_ms)
    i.delay_us                               0x00002618   Section        0  delay.o(i.delay_us)
    i.dmp_enable_6x_lp_quat                  0x0000264c   Section        0  inv_mpu_dmp_motion_driver.o(i.dmp_enable_6x_lp_quat)
    i.dmp_enable_feature                     0x00002688   Section        0  inv_mpu_dmp_motion_driver.o(i.dmp_enable_feature)
    i.dmp_enable_gyro_cal                    0x00002864   Section        0  inv_mpu_dmp_motion_driver.o(i.dmp_enable_gyro_cal)
    i.dmp_enable_lp_quat                     0x0000289c   Section        0  inv_mpu_dmp_motion_driver.o(i.dmp_enable_lp_quat)
    i.dmp_load_motion_driver_firmware        0x000028d8   Section        0  inv_mpu_dmp_motion_driver.o(i.dmp_load_motion_driver_firmware)
    i.dmp_read_fifo                          0x000028ec   Section        0  inv_mpu_dmp_motion_driver.o(i.dmp_read_fifo)
    i.dmp_set_accel_bias                     0x00002a38   Section        0  inv_mpu_dmp_motion_driver.o(i.dmp_set_accel_bias)
    i.dmp_set_fifo_rate                      0x00002b10   Section        0  inv_mpu_dmp_motion_driver.o(i.dmp_set_fifo_rate)
    i.dmp_set_gyro_bias                      0x00002b74   Section        0  inv_mpu_dmp_motion_driver.o(i.dmp_set_gyro_bias)
    i.dmp_set_orientation                    0x00002c40   Section        0  inv_mpu_dmp_motion_driver.o(i.dmp_set_orientation)
    i.dmp_set_shake_reject_thresh            0x00002d4c   Section        0  inv_mpu_dmp_motion_driver.o(i.dmp_set_shake_reject_thresh)
    i.dmp_set_shake_reject_time              0x00002d7c   Section        0  inv_mpu_dmp_motion_driver.o(i.dmp_set_shake_reject_time)
    i.dmp_set_shake_reject_timeout           0x00002d9c   Section        0  inv_mpu_dmp_motion_driver.o(i.dmp_set_shake_reject_timeout)
    i.dmp_set_tap_axes                       0x00002dbc   Section        0  inv_mpu_dmp_motion_driver.o(i.dmp_set_tap_axes)
    i.dmp_set_tap_count                      0x00002dfc   Section        0  inv_mpu_dmp_motion_driver.o(i.dmp_set_tap_count)
    i.dmp_set_tap_thresh                     0x00002e20   Section        0  inv_mpu_dmp_motion_driver.o(i.dmp_set_tap_thresh)
    i.dmp_set_tap_time                       0x00002f80   Section        0  inv_mpu_dmp_motion_driver.o(i.dmp_set_tap_time)
    i.dmp_set_tap_time_multi                 0x00002fa0   Section        0  inv_mpu_dmp_motion_driver.o(i.dmp_set_tap_time_multi)
    i.eusci_calcBaudDividers                 0x00002fc0   Section        0  baudarte.o(i.eusci_calcBaudDividers)
    i.fabs                                   0x000030ec   Section        0  fabs.o(i.fabs)
    i.fputc                                  0x00003104   Section        0  usart.o(i.fputc)
    i.get_accel_prod_shift                   0x00003118   Section        0  inv_mpu.o(i.get_accel_prod_shift)
    get_accel_prod_shift                     0x00003119   Thumb Code   162  inv_mpu.o(i.get_accel_prod_shift)
    i.get_st_biases                          0x000031cc   Section        0  inv_mpu.o(i.get_st_biases)
    get_st_biases                            0x000031cd   Thumb Code   784  inv_mpu.o(i.get_st_biases)
    i.gyro_self_test                         0x000034e0   Section        0  inv_mpu.o(i.gyro_self_test)
    gyro_self_test                           0x000034e1   Thumb Code   190  inv_mpu.o(i.gyro_self_test)
    i.inv_orientation_matrix_to_scalar       0x000035b4   Section        0  inv_mpu.o(i.inv_orientation_matrix_to_scalar)
    i.inv_row_2_scale                        0x000035d6   Section        0  inv_mpu.o(i.inv_row_2_scale)
    i.main                                   0x0000361e   Section        0  main.o(i.main)
    i.mget_ms                                0x0000362c   Section        0  inv_mpu.o(i.mget_ms)
    i.mpu_configure_fifo                     0x00003630   Section        0  inv_mpu.o(i.mpu_configure_fifo)
    i.mpu_dmp_get_data                       0x00003688   Section        0  inv_mpu.o(i.mpu_dmp_get_data)
    i.mpu_dmp_init                           0x000037ec   Section        0  inv_mpu.o(i.mpu_dmp_init)
    i.mpu_get_accel_fsr                      0x00003890   Section        0  inv_mpu.o(i.mpu_get_accel_fsr)
    i.mpu_get_accel_sens                     0x000038cc   Section        0  inv_mpu.o(i.mpu_get_accel_sens)
    i.mpu_get_gyro_fsr                       0x00003910   Section        0  inv_mpu.o(i.mpu_get_gyro_fsr)
    i.mpu_get_gyro_sens                      0x00003944   Section        0  inv_mpu.o(i.mpu_get_gyro_sens)
    i.mpu_get_lpf                            0x00003990   Section        0  inv_mpu.o(i.mpu_get_lpf)
    i.mpu_get_sample_rate                    0x000039c8   Section        0  inv_mpu.o(i.mpu_get_sample_rate)
    i.mpu_init                               0x000039e4   Section        0  inv_mpu.o(i.mpu_init)
    i.mpu_load_firmware                      0x00003b6c   Section        0  inv_mpu.o(i.mpu_load_firmware)
    i.mpu_lp_accel_mode                      0x00003c10   Section        0  inv_mpu.o(i.mpu_lp_accel_mode)
    i.mpu_read_fifo_stream                   0x00003cc8   Section        0  inv_mpu.o(i.mpu_read_fifo_stream)
    i.mpu_read_mem                           0x00003d58   Section        0  inv_mpu.o(i.mpu_read_mem)
    i.mpu_reset_fifo                         0x00003dac   Section        0  inv_mpu.o(i.mpu_reset_fifo)
    i.mpu_run_self_test                      0x00003f08   Section        0  inv_mpu.o(i.mpu_run_self_test)
    i.mpu_set_accel_fsr                      0x00003ff8   Section        0  inv_mpu.o(i.mpu_set_accel_fsr)
    i.mpu_set_bypass                         0x00004060   Section        0  inv_mpu.o(i.mpu_set_bypass)
    i.mpu_set_dmp_state                      0x0000413c   Section        0  inv_mpu.o(i.mpu_set_dmp_state)
    i.mpu_set_gyro_fsr                       0x000041b4   Section        0  inv_mpu.o(i.mpu_set_gyro_fsr)
    i.mpu_set_int_latched                    0x00004220   Section        0  inv_mpu.o(i.mpu_set_int_latched)
    i.mpu_set_lpf                            0x00004284   Section        0  inv_mpu.o(i.mpu_set_lpf)
    i.mpu_set_sample_rate                    0x000042f0   Section        0  inv_mpu.o(i.mpu_set_sample_rate)
    i.mpu_set_sensors                        0x00004368   Section        0  inv_mpu.o(i.mpu_set_sensors)
    i.mpu_write_mem                          0x00004420   Section        0  inv_mpu.o(i.mpu_write_mem)
    i.run_self_test                          0x00004474   Section        0  inv_mpu.o(i.run_self_test)
    i.set_int_enable                         0x000044fc   Section        0  inv_mpu.o(i.set_int_enable)
    set_int_enable                           0x000044fd   Thumb Code    80  inv_mpu.o(i.set_int_enable)
    i.sqrt                                   0x00004550   Section        0  sqrt.o(i.sqrt)
    i.uart_init                              0x000045c0   Section        0  usart.o(i.uart_init)
    .constdata                               0x0000460c   Section     2314  oled.o(.constdata)
    .constdata                               0x00004f16   Section       27  inv_mpu.o(.constdata)
    .constdata                               0x00004f32   Section       12  inv_mpu.o(.constdata)
    .constdata                               0x00004f40   Section       40  inv_mpu.o(.constdata)
    .constdata                               0x00004f68   Section     3062  inv_mpu_dmp_motion_driver.o(.constdata)
    dmp_memory                               0x00004f68   Data        3062  inv_mpu_dmp_motion_driver.o(.constdata)
    .constdata                               0x00005b60   Section       40  usart.o(.constdata)
    .constdata                               0x00005b88   Section       76  gpio.o(.constdata)
    GPIO_PORT_TO_INT                         0x00005b88   Data          28  gpio.o(.constdata)
    GPIO_PORT_TO_BASE                        0x00005ba4   Data          48  gpio.o(.constdata)
    .constdata                               0x00005bd8   Section       80  asin.o(.constdata)
    pS                                       0x00005bd8   Data          48  asin.o(.constdata)
    qS                                       0x00005c08   Data          32  asin.o(.constdata)
    .constdata                               0x00005c28   Section      152  atan.o(.constdata)
    atanhi                                   0x00005c28   Data          32  atan.o(.constdata)
    atanlo                                   0x00005c48   Data          32  atan.o(.constdata)
    aTodd                                    0x00005c68   Data          40  atan.o(.constdata)
    aTeven                                   0x00005c90   Data          48  atan.o(.constdata)
    .constdata                               0x00005cc0   Section        8  qnan.o(.constdata)
    .conststring                             0x00005cc8   Section       77  inv_mpu.o(.conststring)
    .data                                    0x20000000   Section       28  main.o(.data)
    .data                                    0x2000001c   Section       53  inv_mpu.o(.data)
    st                                       0x2000001c   Data          44  inv_mpu.o(.data)
    gyro_orientation                         0x20000048   Data           9  inv_mpu.o(.data)
    .data                                    0x20000054   Section        4  usart.o(.data)
    .data                                    0x20000058   Section        1  delay.o(.data)
    fac_us                                   0x20000058   Data           1  delay.o(.data)
    .data                                    0x2000005c   Section        8  cs.o(.data)
    hfxtFreq                                 0x2000005c   Data           4  cs.o(.data)
    lfxtFreq                                 0x20000060   Data           4  cs.o(.data)
    .data                                    0x20000064   Section        4  errno.o(.data)
    _errno                                   0x20000064   Data           4  errno.o(.data)
    .bss                                     0x20000068   Section       33  main.o(.bss)
    .bss                                     0x2000008c   Section       16  inv_mpu_dmp_motion_driver.o(.bss)
    dmp                                      0x2000008c   Data          16  inv_mpu_dmp_motion_driver.o(.bss)
    STACK                                    0x200000a0   Section      512  startup_msp432p401r_uvision.o(STACK)

    Global Symbols

    Symbol Name                              Value     Ov Type        Size  Object(Section)

    BuildAttributes$$THM_ISAv4$E$P$D$K$B$S$7EM$VFPi3$EXTD16$VFPS$VFMA$PE$A:L22UL41UL21$X:L11$S22US41US21$IEEE1$IW$USESV6$~STKCKD$USESV7$~SHL$OTIME$ROPI$IEEEX$EBA8$MICROLIB$REQ8$PRES8$EABIv2 0x00000000   Number         0  anon$$obj.o ABSOLUTE
    __ARM_use_no_argv                        0x00000000   Number         0  main.o ABSOLUTE
    __Vectors                                0x00000000   Data           4  startup_msp432p401r_uvision.o(RESET)
    __use_no_errno                           0x00000000   Number         0  useno.o ABSOLUTE
    __use_no_exception_handling              0x00000000   Number         0  useno.o ABSOLUTE
    __use_no_fp                              0x00000000   Number         0  useno.o ABSOLUTE
    __use_no_heap                            0x00000000   Number         0  useno.o ABSOLUTE
    __use_no_heap_region                     0x00000000   Number         0  useno.o ABSOLUTE
    __use_no_semihosting                     0x00000000   Number         0  useno.o ABSOLUTE
    __use_no_semihosting_swi                 0x00000000   Number         0  useno.o ABSOLUTE
    __use_no_signal_handling                 0x00000000   Number         0  useno.o ABSOLUTE
    _printf_a                                0x00000000   Number         0  stubs.o ABSOLUTE
    _printf_c                                0x00000000   Number         0  stubs.o ABSOLUTE
    _printf_charcount                        0x00000000   Number         0  stubs.o ABSOLUTE
    _printf_d                                0x00000000   Number         0  stubs.o ABSOLUTE
    _printf_e                                0x00000000   Number         0  stubs.o ABSOLUTE
    _printf_f                                0x00000000   Number         0  stubs.o ABSOLUTE
    _printf_flags                            0x00000000   Number         0  stubs.o ABSOLUTE
    _printf_fp_dec                           0x00000000   Number         0  stubs.o ABSOLUTE
    _printf_fp_hex                           0x00000000   Number         0  stubs.o ABSOLUTE
    _printf_g                                0x00000000   Number         0  stubs.o ABSOLUTE
    _printf_i                                0x00000000   Number         0  stubs.o ABSOLUTE
    _printf_int_dec                          0x00000000   Number         0  stubs.o ABSOLUTE
    _printf_l                                0x00000000   Number         0  stubs.o ABSOLUTE
    _printf_lc                               0x00000000   Number         0  stubs.o ABSOLUTE
    _printf_ll                               0x00000000   Number         0  stubs.o ABSOLUTE
    _printf_lld                              0x00000000   Number         0  stubs.o ABSOLUTE
    _printf_lli                              0x00000000   Number         0  stubs.o ABSOLUTE
    _printf_llo                              0x00000000   Number         0  stubs.o ABSOLUTE
    _printf_llu                              0x00000000   Number         0  stubs.o ABSOLUTE
    _printf_llx                              0x00000000   Number         0  stubs.o ABSOLUTE
    _printf_longlong_dec                     0x00000000   Number         0  stubs.o ABSOLUTE
    _printf_longlong_hex                     0x00000000   Number         0  stubs.o ABSOLUTE
    _printf_longlong_oct                     0x00000000   Number         0  stubs.o ABSOLUTE
    _printf_ls                               0x00000000   Number         0  stubs.o ABSOLUTE
    _printf_mbtowc                           0x00000000   Number         0  stubs.o ABSOLUTE
    _printf_n                                0x00000000   Number         0  stubs.o ABSOLUTE
    _printf_o                                0x00000000   Number         0  stubs.o ABSOLUTE
    _printf_p                                0x00000000   Number         0  stubs.o ABSOLUTE
    _printf_percent                          0x00000000   Number         0  stubs.o ABSOLUTE
    _printf_pre_padding                      0x00000000   Number         0  stubs.o ABSOLUTE
    _printf_return_value                     0x00000000   Number         0  stubs.o ABSOLUTE
    _printf_s                                0x00000000   Number         0  stubs.o ABSOLUTE
    _printf_sizespec                         0x00000000   Number         0  stubs.o ABSOLUTE
    _printf_str                              0x00000000   Number         0  stubs.o ABSOLUTE
    _printf_truncate_signed                  0x00000000   Number         0  stubs.o ABSOLUTE
    _printf_truncate_unsigned                0x00000000   Number         0  stubs.o ABSOLUTE
    _printf_u                                0x00000000   Number         0  stubs.o ABSOLUTE
    _printf_wc                               0x00000000   Number         0  stubs.o ABSOLUTE
    _printf_wctomb                           0x00000000   Number         0  stubs.o ABSOLUTE
    _printf_widthprec                        0x00000000   Number         0  stubs.o ABSOLUTE
    _printf_x                                0x00000000   Number         0  stubs.o ABSOLUTE
    __cpp_initialize__aeabi_                  - Undefined Weak Reference
    __cxa_finalize                            - Undefined Weak Reference
    __decompress                              - Undefined Weak Reference
    _clock_init                               - Undefined Weak Reference
    _microlib_exit                            - Undefined Weak Reference
    __Vectors_End                            0x00000144   Data           0  startup_msp432p401r_uvision.o(RESET)
    __Vectors_Size                           0x00000144   Number         0  startup_msp432p401r_uvision.o ABSOLUTE
    __main                                   0x00000145   Thumb Code     0  entry.o(.ARM.Collect$$$$00000000)
    _main_stk                                0x00000145   Thumb Code     0  entry2.o(.ARM.Collect$$$$00000001)
    _main_scatterload                        0x00000149   Thumb Code     0  entry5.o(.ARM.Collect$$$$00000004)
    __main_after_scatterload                 0x0000014d   Thumb Code     0  entry5.o(.ARM.Collect$$$$00000004)
    _main_clock                              0x0000014d   Thumb Code     0  entry7b.o(.ARM.Collect$$$$00000008)
    _main_cpp_init                           0x0000014d   Thumb Code     0  entry8b.o(.ARM.Collect$$$$0000000A)
    _main_init                               0x0000014d   Thumb Code     0  entry9a.o(.ARM.Collect$$$$0000000B)
    __rt_final_cpp                           0x00000155   Thumb Code     0  entry10a.o(.ARM.Collect$$$$0000000D)
    __rt_final_exit                          0x00000155   Thumb Code     0  entry11a.o(.ARM.Collect$$$$0000000F)
    Reset_Handler                            0x00000159   Thumb Code     8  startup_msp432p401r_uvision.o(.text)
    NMI_Handler                              0x00000161   Thumb Code     2  startup_msp432p401r_uvision.o(.text)
    HardFault_Handler                        0x00000163   Thumb Code     2  startup_msp432p401r_uvision.o(.text)
    MemManage_Handler                        0x00000165   Thumb Code     2  startup_msp432p401r_uvision.o(.text)
    BusFault_Handler                         0x00000167   Thumb Code     2  startup_msp432p401r_uvision.o(.text)
    UsageFault_Handler                       0x00000169   Thumb Code     2  startup_msp432p401r_uvision.o(.text)
    SVC_Handler                              0x0000016b   Thumb Code     2  startup_msp432p401r_uvision.o(.text)
    DebugMon_Handler                         0x0000016d   Thumb Code     2  startup_msp432p401r_uvision.o(.text)
    PendSV_Handler                           0x0000016f   Thumb Code     2  startup_msp432p401r_uvision.o(.text)
    SysTick_Handler                          0x00000171   Thumb Code     2  startup_msp432p401r_uvision.o(.text)
    ADC14_IRQHandler                         0x00000173   Thumb Code     0  startup_msp432p401r_uvision.o(.text)
    AES256_IRQHandler                        0x00000173   Thumb Code     0  startup_msp432p401r_uvision.o(.text)
    COMP_E0_IRQHandler                       0x00000173   Thumb Code     0  startup_msp432p401r_uvision.o(.text)
    COMP_E1_IRQHandler                       0x00000173   Thumb Code     0  startup_msp432p401r_uvision.o(.text)
    CS_IRQHandler                            0x00000173   Thumb Code     0  startup_msp432p401r_uvision.o(.text)
    DMA_ERR_IRQHandler                       0x00000173   Thumb Code     0  startup_msp432p401r_uvision.o(.text)
    DMA_INT0_IRQHandler                      0x00000173   Thumb Code     0  startup_msp432p401r_uvision.o(.text)
    DMA_INT1_IRQHandler                      0x00000173   Thumb Code     0  startup_msp432p401r_uvision.o(.text)
    DMA_INT2_IRQHandler                      0x00000173   Thumb Code     0  startup_msp432p401r_uvision.o(.text)
    DMA_INT3_IRQHandler                      0x00000173   Thumb Code     0  startup_msp432p401r_uvision.o(.text)
    EUSCIA0_IRQHandler                       0x00000173   Thumb Code     0  startup_msp432p401r_uvision.o(.text)
    EUSCIA1_IRQHandler                       0x00000173   Thumb Code     0  startup_msp432p401r_uvision.o(.text)
    EUSCIA2_IRQHandler                       0x00000173   Thumb Code     0  startup_msp432p401r_uvision.o(.text)
    EUSCIA3_IRQHandler                       0x00000173   Thumb Code     0  startup_msp432p401r_uvision.o(.text)
    EUSCIB0_IRQHandler                       0x00000173   Thumb Code     0  startup_msp432p401r_uvision.o(.text)
    EUSCIB1_IRQHandler                       0x00000173   Thumb Code     0  startup_msp432p401r_uvision.o(.text)
    EUSCIB2_IRQHandler                       0x00000173   Thumb Code     0  startup_msp432p401r_uvision.o(.text)
    EUSCIB3_IRQHandler                       0x00000173   Thumb Code     0  startup_msp432p401r_uvision.o(.text)
    FLCTL_IRQHandler                         0x00000173   Thumb Code     0  startup_msp432p401r_uvision.o(.text)
    FPU_IRQHandler                           0x00000173   Thumb Code     0  startup_msp432p401r_uvision.o(.text)
    PCM_IRQHandler                           0x00000173   Thumb Code     0  startup_msp432p401r_uvision.o(.text)
    PORT1_IRQHandler                         0x00000173   Thumb Code     0  startup_msp432p401r_uvision.o(.text)
    PORT2_IRQHandler                         0x00000173   Thumb Code     0  startup_msp432p401r_uvision.o(.text)
    PORT3_IRQHandler                         0x00000173   Thumb Code     0  startup_msp432p401r_uvision.o(.text)
    PORT4_IRQHandler                         0x00000173   Thumb Code     0  startup_msp432p401r_uvision.o(.text)
    PORT5_IRQHandler                         0x00000173   Thumb Code     0  startup_msp432p401r_uvision.o(.text)
    PORT6_IRQHandler                         0x00000173   Thumb Code     0  startup_msp432p401r_uvision.o(.text)
    PSS_IRQHandler                           0x00000173   Thumb Code     0  startup_msp432p401r_uvision.o(.text)
    RTC_C_IRQHandler                         0x00000173   Thumb Code     0  startup_msp432p401r_uvision.o(.text)
    T32_INT1_IRQHandler                      0x00000173   Thumb Code     0  startup_msp432p401r_uvision.o(.text)
    T32_INT2_IRQHandler                      0x00000173   Thumb Code     0  startup_msp432p401r_uvision.o(.text)
    T32_INTC_IRQHandler                      0x00000173   Thumb Code     0  startup_msp432p401r_uvision.o(.text)
    TA0_0_IRQHandler                         0x00000173   Thumb Code     0  startup_msp432p401r_uvision.o(.text)
    TA0_N_IRQHandler                         0x00000173   Thumb Code     0  startup_msp432p401r_uvision.o(.text)
    TA1_0_IRQHandler                         0x00000173   Thumb Code     0  startup_msp432p401r_uvision.o(.text)
    TA1_N_IRQHandler                         0x00000173   Thumb Code     0  startup_msp432p401r_uvision.o(.text)
    TA2_0_IRQHandler                         0x00000173   Thumb Code     0  startup_msp432p401r_uvision.o(.text)
    TA2_N_IRQHandler                         0x00000173   Thumb Code     0  startup_msp432p401r_uvision.o(.text)
    TA3_0_IRQHandler                         0x00000173   Thumb Code     0  startup_msp432p401r_uvision.o(.text)
    TA3_N_IRQHandler                         0x00000173   Thumb Code     0  startup_msp432p401r_uvision.o(.text)
    WDT_A_IRQHandler                         0x00000173   Thumb Code     0  startup_msp432p401r_uvision.o(.text)
    __aeabi_ldivmod                          0x0000017d   Thumb Code    98  ldiv.o(.text)
    __aeabi_memcpy                           0x000001df   Thumb Code    36  memcpya.o(.text)
    __aeabi_memcpy4                          0x000001df   Thumb Code     0  memcpya.o(.text)
    __aeabi_memcpy8                          0x000001df   Thumb Code     0  memcpya.o(.text)
    __aeabi_memset                           0x00000203   Thumb Code    14  memseta.o(.text)
    __aeabi_memset4                          0x00000203   Thumb Code     0  memseta.o(.text)
    __aeabi_memset8                          0x00000203   Thumb Code     0  memseta.o(.text)
    __aeabi_memclr                           0x00000211   Thumb Code     4  memseta.o(.text)
    __aeabi_memclr4                          0x00000211   Thumb Code     0  memseta.o(.text)
    __aeabi_memclr8                          0x00000211   Thumb Code     0  memseta.o(.text)
    _memset$wrapper                          0x00000215   Thumb Code    18  memseta.o(.text)
    memcmp                                   0x00000227   Thumb Code    26  memcmp.o(.text)
    __aeabi_dadd                             0x00000241   Thumb Code   322  dadd.o(.text)
    __aeabi_dsub                             0x00000383   Thumb Code     6  dadd.o(.text)
    __aeabi_drsub                            0x00000389   Thumb Code     6  dadd.o(.text)
    __aeabi_dmul                             0x0000038f   Thumb Code   228  dmul.o(.text)
    __aeabi_ddiv                             0x00000473   Thumb Code   222  ddiv.o(.text)
    __aeabi_i2d                              0x00000551   Thumb Code    34  dflti.o(.text)
    __aeabi_f2d                              0x00000573   Thumb Code    38  f2d.o(.text)
    __aeabi_d2f                              0x00000599   Thumb Code    56  d2f.o(.text)
    __aeabi_uldivmod                         0x000005d1   Thumb Code    98  uldiv.o(.text)
    __aeabi_llsl                             0x00000633   Thumb Code    30  llshl.o(.text)
    _ll_shift_l                              0x00000633   Thumb Code     0  llshl.o(.text)
    __aeabi_lasr                             0x00000651   Thumb Code    36  llsshr.o(.text)
    _ll_sshift_r                             0x00000651   Thumb Code     0  llsshr.o(.text)
    __I$use$fp                               0x00000675   Thumb Code     0  iusefp.o(.text)
    _float_round                             0x00000675   Thumb Code    18  fepilogue.o(.text)
    _float_epilogue                          0x00000687   Thumb Code    92  fepilogue.o(.text)
    _double_round                            0x000006e3   Thumb Code    30  depilogue.o(.text)
    _double_epilogue                         0x00000701   Thumb Code   156  depilogue.o(.text)
    __scatterload                            0x0000079d   Thumb Code    28  init.o(.text)
    __scatterload_rt2                        0x0000079d   Thumb Code     0  init.o(.text)
    __aeabi_llsr                             0x000007c1   Thumb Code    32  llushr.o(.text)
    _ll_ushift_r                             0x000007c1   Thumb Code     0  llushr.o(.text)
    _dsqrt                                   0x000007e1   Thumb Code   162  dsqrt.o(.text)
    CS_clearInterruptFlag                    0x00000885   Thumb Code    26  cs.o(i.CS_clearInterruptFlag)
    CS_getACLK                               0x000008a9   Thumb Code    20  cs.o(i.CS_getACLK)
    CS_getDCOFrequency                       0x000008c1   Thumb Code   234  cs.o(i.CS_getDCOFrequency)
    CS_getMCLK                               0x000009cd   Thumb Code    20  cs.o(i.CS_getMCLK)
    CS_getSMCLK                              0x000009e5   Thumb Code    18  cs.o(i.CS_getSMCLK)
    DATA_Report                              0x000009fd   Thumb Code   370  main.o(i.DATA_Report)
    GPIO_getInputPinValue                    0x00000c09   Thumb Code    16  gpio.o(i.GPIO_getInputPinValue)
    GPIO_setAsInputPin                       0x00000c1d   Thumb Code    32  gpio.o(i.GPIO_setAsInputPin)
    GPIO_setAsOutputPin                      0x00000c41   Thumb Code    26  gpio.o(i.GPIO_setAsOutputPin)
    GPIO_setOutputHighOnPin                  0x00000c61   Thumb Code    14  gpio.o(i.GPIO_setOutputHighOnPin)
    GPIO_setOutputLowOnPin                   0x00000c75   Thumb Code    14  gpio.o(i.GPIO_setOutputLowOnPin)
    I2C_Start                                0x00000c89   Thumb Code    18  oled.o(i.I2C_Start)
    I2C_Stop                                 0x00000ca1   Thumb Code    16  oled.o(i.I2C_Stop)
    I2C_WaitAck                              0x00000cb5   Thumb Code    16  oled.o(i.I2C_WaitAck)
    IIC_Ack                                  0x00000cc9   Thumb Code    58  bsp_mpu6050.o(i.IIC_Ack)
    IIC_Init                                 0x00000d03   Thumb Code    38  bsp_mpu6050.o(i.IIC_Init)
    IIC_NAck                                 0x00000d29   Thumb Code    58  bsp_mpu6050.o(i.IIC_NAck)
    IIC_Read_Byte                            0x00000d63   Thumb Code    86  bsp_mpu6050.o(i.IIC_Read_Byte)
    IIC_Send_Byte                            0x00000db9   Thumb Code   106  bsp_mpu6050.o(i.IIC_Send_Byte)
    IIC_Start                                0x00000e23   Thumb Code    58  bsp_mpu6050.o(i.IIC_Start)
    IIC_Stop                                 0x00000e5d   Thumb Code    58  bsp_mpu6050.o(i.IIC_Stop)
    IIC_Wait_Ack                             0x00000e97   Thumb Code    66  bsp_mpu6050.o(i.IIC_Wait_Ack)
    LED_Init                                 0x00000ed9   Thumb Code    46  led.o(i.LED_Init)
    LED_R_Tog                                0x00000f11   Thumb Code    14  led.o(i.LED_R_Tog)
    MPU_Get_Accelerometer                    0x00000f25   Thumb Code    50  bsp_mpu6050.o(i.MPU_Get_Accelerometer)
    MPU_Get_Gyroscope                        0x00000f57   Thumb Code    50  bsp_mpu6050.o(i.MPU_Get_Gyroscope)
    MPU_Get_Temperature                      0x00000f89   Thumb Code    78  bsp_mpu6050.o(i.MPU_Get_Temperature)
    MPU_Init                                 0x00000fed   Thumb Code   150  bsp_mpu6050.o(i.MPU_Init)
    MPU_Read                                 0x00001085   Thumb Code    76  main.o(i.MPU_Read)
    MPU_Read_Byte                            0x000010d5   Thumb Code    58  bsp_mpu6050.o(i.MPU_Read_Byte)
    MPU_Read_Len                             0x0000110f   Thumb Code    92  bsp_mpu6050.o(i.MPU_Read_Len)
    MPU_Set_Accel_Fsr                        0x0000116b   Thumb Code    10  bsp_mpu6050.o(i.MPU_Set_Accel_Fsr)
    MPU_Set_Gyro_Fsr                         0x00001175   Thumb Code    10  bsp_mpu6050.o(i.MPU_Set_Gyro_Fsr)
    MPU_Set_LPF                              0x0000117f   Thumb Code    48  bsp_mpu6050.o(i.MPU_Set_LPF)
    MPU_Set_Rate                             0x000011af   Thumb Code    46  bsp_mpu6050.o(i.MPU_Set_Rate)
    MPU_Write_Byte                           0x000011dd   Thumb Code    72  bsp_mpu6050.o(i.MPU_Write_Byte)
    MPU_Write_Len                            0x00001225   Thumb Code    82  bsp_mpu6050.o(i.MPU_Write_Len)
    OLED_Set_Pos                             0x00001277   Thumb Code    40  oled.o(i.OLED_Set_Pos)
    OLED_ShowChar                            0x000012a1   Thumb Code   128  oled.o(i.OLED_ShowChar)
    OLED_ShowString                          0x00001329   Thumb Code    56  oled.o(i.OLED_ShowString)
    OLED_WR_Byte                             0x00001361   Thumb Code    54  oled.o(i.OLED_WR_Byte)
    SYS_Init                                 0x00001399   Thumb Code    96  main.o(i.SYS_Init)
    Send_Byte                                0x00001445   Thumb Code    50  oled.o(i.Send_Byte)
    SysCtl_A_getTLVInfo                      0x0000147d   Thumb Code    64  sysctl_a.o(i.SysCtl_A_getTLVInfo)
    SystemInit                               0x000014c5   Thumb Code    76  system_msp432p401r.o(i.SystemInit)
    UART_initModule                          0x00001525   Thumb Code   146  uart.o(i.UART_initModule)
    UART_transmitData                        0x000015b7   Thumb Code    22  uart.o(i.UART_transmitData)
    __0printf$8                              0x0000168d   Thumb Code    22  printf8.o(i.__0printf$8)
    __1printf$8                              0x0000168d   Thumb Code     0  printf8.o(i.__0printf$8)
    __2printf                                0x0000168d   Thumb Code     0  printf8.o(i.__0printf$8)
    __0sprintf$8                             0x000016ad   Thumb Code    34  printf8.o(i.__0sprintf$8)
    __1sprintf$8                             0x000016ad   Thumb Code     0  printf8.o(i.__0sprintf$8)
    __2sprintf                               0x000016ad   Thumb Code     0  printf8.o(i.__0sprintf$8)
    __ARM_fpclassify                         0x000016d5   Thumb Code    48  fpclassify.o(i.__ARM_fpclassify)
    __hardfp_asin                            0x00001709   Thumb Code   770  asin.o(i.__hardfp_asin)
    __hardfp_atan                            0x00001a69   Thumb Code   622  atan.o(i.__hardfp_atan)
    __hardfp_atan2                           0x00001d41   Thumb Code   432  atan2.o(i.__hardfp_atan2)
    __kernel_poly                            0x00001f31   Thumb Code   248  poly.o(i.__kernel_poly)
    __mathlib_dbl_infnan                     0x00002029   Thumb Code    20  dunder.o(i.__mathlib_dbl_infnan)
    __mathlib_dbl_infnan2                    0x0000203d   Thumb Code    20  dunder.o(i.__mathlib_dbl_infnan2)
    __mathlib_dbl_invalid                    0x00002051   Thumb Code    24  dunder.o(i.__mathlib_dbl_invalid)
    __mathlib_dbl_underflow                  0x00002071   Thumb Code    24  dunder.o(i.__mathlib_dbl_underflow)
    __scatterload_copy                       0x00002091   Thumb Code    14  handlers.o(i.__scatterload_copy)
    __scatterload_null                       0x0000209f   Thumb Code     2  handlers.o(i.__scatterload_null)
    __scatterload_zeroinit                   0x000020a1   Thumb Code    14  handlers.o(i.__scatterload_zeroinit)
    __set_errno                              0x000020b1   Thumb Code     6  errno.o(i.__set_errno)
    atan                                     0x000025b9   Thumb Code    16  atan.o(i.atan)
    bitPosition                              0x000025c9   Thumb Code    16  baudarte.o(i.bitPosition)
    delay_init                               0x000025d9   Thumb Code    30  delay.o(i.delay_init)
    delay_ms                                 0x00002601   Thumb Code    24  delay.o(i.delay_ms)
    delay_us                                 0x00002619   Thumb Code    46  delay.o(i.delay_us)
    dmp_enable_6x_lp_quat                    0x0000264d   Thumb Code    58  inv_mpu_dmp_motion_driver.o(i.dmp_enable_6x_lp_quat)
    dmp_enable_feature                       0x00002689   Thumb Code   468  inv_mpu_dmp_motion_driver.o(i.dmp_enable_feature)
    dmp_enable_gyro_cal                      0x00002865   Thumb Code    32  inv_mpu_dmp_motion_driver.o(i.dmp_enable_gyro_cal)
    dmp_enable_lp_quat                       0x0000289d   Thumb Code    58  inv_mpu_dmp_motion_driver.o(i.dmp_enable_lp_quat)
    dmp_load_motion_driver_firmware          0x000028d9   Thumb Code    16  inv_mpu_dmp_motion_driver.o(i.dmp_load_motion_driver_firmware)
    dmp_read_fifo                            0x000028ed   Thumb Code   328  inv_mpu_dmp_motion_driver.o(i.dmp_read_fifo)
    dmp_set_accel_bias                       0x00002a39   Thumb Code   210  inv_mpu_dmp_motion_driver.o(i.dmp_set_accel_bias)
    dmp_set_fifo_rate                        0x00002b11   Thumb Code    82  inv_mpu_dmp_motion_driver.o(i.dmp_set_fifo_rate)
    dmp_set_gyro_bias                        0x00002b75   Thumb Code   196  inv_mpu_dmp_motion_driver.o(i.dmp_set_gyro_bias)
    dmp_set_orientation                      0x00002c41   Thumb Code   246  inv_mpu_dmp_motion_driver.o(i.dmp_set_orientation)
    dmp_set_shake_reject_thresh              0x00002d4d   Thumb Code    48  inv_mpu_dmp_motion_driver.o(i.dmp_set_shake_reject_thresh)
    dmp_set_shake_reject_time                0x00002d7d   Thumb Code    32  inv_mpu_dmp_motion_driver.o(i.dmp_set_shake_reject_time)
    dmp_set_shake_reject_timeout             0x00002d9d   Thumb Code    32  inv_mpu_dmp_motion_driver.o(i.dmp_set_shake_reject_timeout)
    dmp_set_tap_axes                         0x00002dbd   Thumb Code    64  inv_mpu_dmp_motion_driver.o(i.dmp_set_tap_axes)
    dmp_set_tap_count                        0x00002dfd   Thumb Code    34  inv_mpu_dmp_motion_driver.o(i.dmp_set_tap_count)
    dmp_set_tap_thresh                       0x00002e21   Thumb Code   314  inv_mpu_dmp_motion_driver.o(i.dmp_set_tap_thresh)
    dmp_set_tap_time                         0x00002f81   Thumb Code    32  inv_mpu_dmp_motion_driver.o(i.dmp_set_tap_time)
    dmp_set_tap_time_multi                   0x00002fa1   Thumb Code    32  inv_mpu_dmp_motion_driver.o(i.dmp_set_tap_time_multi)
    eusci_calcBaudDividers                   0x00002fc1   Thumb Code   282  baudarte.o(i.eusci_calcBaudDividers)
    fabs                                     0x000030ed   Thumb Code    24  fabs.o(i.fabs)
    fputc                                    0x00003105   Thumb Code    16  usart.o(i.fputc)
    inv_orientation_matrix_to_scalar         0x000035b5   Thumb Code    34  inv_mpu.o(i.inv_orientation_matrix_to_scalar)
    inv_row_2_scale                          0x000035d7   Thumb Code    72  inv_mpu.o(i.inv_row_2_scale)
    main                                     0x0000361f   Thumb Code    14  main.o(i.main)
    mget_ms                                  0x0000362d   Thumb Code     2  inv_mpu.o(i.mget_ms)
    mpu_configure_fifo                       0x00003631   Thumb Code    84  inv_mpu.o(i.mpu_configure_fifo)
    mpu_dmp_get_data                         0x00003689   Thumb Code   344  inv_mpu.o(i.mpu_dmp_get_data)
    mpu_dmp_init                             0x000037ed   Thumb Code   158  inv_mpu.o(i.mpu_dmp_init)
    mpu_get_accel_fsr                        0x00003891   Thumb Code    54  inv_mpu.o(i.mpu_get_accel_fsr)
    mpu_get_accel_sens                       0x000038cd   Thumb Code    62  inv_mpu.o(i.mpu_get_accel_sens)
    mpu_get_gyro_fsr                         0x00003911   Thumb Code    48  inv_mpu.o(i.mpu_get_gyro_fsr)
    mpu_get_gyro_sens                        0x00003945   Thumb Code    54  inv_mpu.o(i.mpu_get_gyro_sens)
    mpu_get_lpf                              0x00003991   Thumb Code    52  inv_mpu.o(i.mpu_get_lpf)
    mpu_get_sample_rate                      0x000039c9   Thumb Code    22  inv_mpu.o(i.mpu_get_sample_rate)
    mpu_init                                 0x000039e5   Thumb Code   310  inv_mpu.o(i.mpu_init)
    mpu_load_firmware                        0x00003b6d   Thumb Code   158  inv_mpu.o(i.mpu_load_firmware)
    mpu_lp_accel_mode                        0x00003c11   Thumb Code   178  inv_mpu.o(i.mpu_lp_accel_mode)
    mpu_read_fifo_stream                     0x00003cc9   Thumb Code   140  inv_mpu.o(i.mpu_read_fifo_stream)
    mpu_read_mem                             0x00003d59   Thumb Code    80  inv_mpu.o(i.mpu_read_mem)
    mpu_reset_fifo                           0x00003dad   Thumb Code   344  inv_mpu.o(i.mpu_reset_fifo)
    mpu_run_self_test                        0x00003f09   Thumb Code   234  inv_mpu.o(i.mpu_run_self_test)
    mpu_set_accel_fsr                        0x00003ff9   Thumb Code    98  inv_mpu.o(i.mpu_set_accel_fsr)
    mpu_set_bypass                           0x00004061   Thumb Code   214  inv_mpu.o(i.mpu_set_bypass)
    mpu_set_dmp_state                        0x0000413d   Thumb Code   114  inv_mpu.o(i.mpu_set_dmp_state)
    mpu_set_gyro_fsr                         0x000041b5   Thumb Code   104  inv_mpu.o(i.mpu_set_gyro_fsr)
    mpu_set_int_latched                      0x00004221   Thumb Code    94  inv_mpu.o(i.mpu_set_int_latched)
    mpu_set_lpf                              0x00004285   Thumb Code   102  inv_mpu.o(i.mpu_set_lpf)
    mpu_set_sample_rate                      0x000042f1   Thumb Code   116  inv_mpu.o(i.mpu_set_sample_rate)
    mpu_set_sensors                          0x00004369   Thumb Code   178  inv_mpu.o(i.mpu_set_sensors)
    mpu_write_mem                            0x00004421   Thumb Code    80  inv_mpu.o(i.mpu_write_mem)
    run_self_test                            0x00004475   Thumb Code   136  inv_mpu.o(i.run_self_test)
    sqrt                                     0x00004551   Thumb Code   110  sqrt.o(i.sqrt)
    uart_init                                0x000045c1   Thumb Code    64  usart.o(i.uart_init)
    asc2_0806                                0x0000460c   Data         570  oled.o(.constdata)
    asc2_1608                                0x00004846   Data        1520  oled.o(.constdata)
    Hzk                                      0x00004e36   Data         224  oled.o(.constdata)
    reg                                      0x00004f16   Data          27  inv_mpu.o(.constdata)
    hw                                       0x00004f32   Data          12  inv_mpu.o(.constdata)
    test                                     0x00004f40   Data          40  inv_mpu.o(.constdata)
    __mathlib_zero                           0x00005cc0   Data           8  qnan.o(.constdata)
    Region$$Table$$Base                      0x00005d18   Number         0  anon$$obj.o(Region$$Table)
    Region$$Table$$Limit                     0x00005d38   Number         0  anon$$obj.o(Region$$Table)
    aacx                                     0x20000000   Data           2  main.o(.data)
    aacy                                     0x20000002   Data           2  main.o(.data)
    aacz                                     0x20000004   Data           2  main.o(.data)
    gyrox                                    0x20000006   Data           2  main.o(.data)
    gyroy                                    0x20000008   Data           2  main.o(.data)
    gyroz                                    0x2000000a   Data           2  main.o(.data)
    temp                                     0x2000000c   Data           2  main.o(.data)
    mpu6050                                  0x2000000e   Data           2  main.o(.data)
    pitch                                    0x20000010   Data           4  main.o(.data)
    roll                                     0x20000014   Data           4  main.o(.data)
    yaw                                      0x20000018   Data           4  main.o(.data)
    __stdout                                 0x20000054   Data           4  usart.o(.data)
    tmp_buf                                  0x20000068   Data          33  main.o(.bss)
    __initial_sp                             0x200002a0   Data           0  startup_msp432p401r_uvision.o(STACK)



==============================================================================

Memory Map of the image

  Image Entry point : 0x00000145

  Load Region LR_IROM1 (Base: 0x00000000, Size: 0x00005da0, Max: 0x00040000, ABSOLUTE)

    Execution Region ER_IROM1 (Exec base: 0x00000000, Load base: 0x00000000, Size: 0x00005d38, Max: 0x00040000, ABSOLUTE)

    Exec Addr    Load Addr    Size         Type   Attr      Idx    E Section Name        Object

    0x00000000   0x00000000   0x00000144   Data   RO          244    RESET               startup_msp432p401r_uvision.o
    0x00000144   0x00000144   0x00000000   Code   RO         2236  * .ARM.Collect$$$$00000000  mc_w.l(entry.o)
    0x00000144   0x00000144   0x00000004   Code   RO         2573    .ARM.Collect$$$$00000001  mc_w.l(entry2.o)
    0x00000148   0x00000148   0x00000004   Code   RO         2576    .ARM.Collect$$$$00000004  mc_w.l(entry5.o)
    0x0000014c   0x0000014c   0x00000000   Code   RO         2578    .ARM.Collect$$$$00000008  mc_w.l(entry7b.o)
    0x0000014c   0x0000014c   0x00000000   Code   RO         2580    .ARM.Collect$$$$0000000A  mc_w.l(entry8b.o)
    0x0000014c   0x0000014c   0x00000008   Code   RO         2581    .ARM.Collect$$$$0000000B  mc_w.l(entry9a.o)
    0x00000154   0x00000154   0x00000000   Code   RO         2583    .ARM.Collect$$$$0000000D  mc_w.l(entry10a.o)
    0x00000154   0x00000154   0x00000000   Code   RO         2585    .ARM.Collect$$$$0000000F  mc_w.l(entry11a.o)
    0x00000154   0x00000154   0x00000004   Code   RO         2574    .ARM.Collect$$$$00002712  mc_w.l(entry2.o)
    0x00000158   0x00000158   0x00000024   Code   RO          245    .text               startup_msp432p401r_uvision.o
    0x0000017c   0x0000017c   0x00000062   Code   RO         2239    .text               mc_w.l(ldiv.o)
    0x000001de   0x000001de   0x00000024   Code   RO         2241    .text               mc_w.l(memcpya.o)
    0x00000202   0x00000202   0x00000024   Code   RO         2243    .text               mc_w.l(memseta.o)
    0x00000226   0x00000226   0x0000001a   Code   RO         2245    .text               mc_w.l(memcmp.o)
    0x00000240   0x00000240   0x0000014e   Code   RO         2510    .text               mf_w.l(dadd.o)
    0x0000038e   0x0000038e   0x000000e4   Code   RO         2512    .text               mf_w.l(dmul.o)
    0x00000472   0x00000472   0x000000de   Code   RO         2514    .text               mf_w.l(ddiv.o)
    0x00000550   0x00000550   0x00000022   Code   RO         2516    .text               mf_w.l(dflti.o)
    0x00000572   0x00000572   0x00000026   Code   RO         2518    .text               mf_w.l(f2d.o)
    0x00000598   0x00000598   0x00000038   Code   RO         2520    .text               mf_w.l(d2f.o)
    0x000005d0   0x000005d0   0x00000062   Code   RO         2589    .text               mc_w.l(uldiv.o)
    0x00000632   0x00000632   0x0000001e   Code   RO         2591    .text               mc_w.l(llshl.o)
    0x00000650   0x00000650   0x00000024   Code   RO         2593    .text               mc_w.l(llsshr.o)
    0x00000674   0x00000674   0x00000000   Code   RO         2602    .text               mc_w.l(iusefp.o)
    0x00000674   0x00000674   0x0000006e   Code   RO         2603    .text               mf_w.l(fepilogue.o)
    0x000006e2   0x000006e2   0x000000ba   Code   RO         2605    .text               mf_w.l(depilogue.o)
    0x0000079c   0x0000079c   0x00000024   Code   RO         2613    .text               mc_w.l(init.o)
    0x000007c0   0x000007c0   0x00000020   Code   RO         2615    .text               mc_w.l(llushr.o)
    0x000007e0   0x000007e0   0x000000a2   Code   RO         2617    .text               mf_w.l(dsqrt.o)
    0x00000882   0x00000882   0x00000002   PAD
    0x00000884   0x00000884   0x00000024   Code   RO         1362    i.CS_clearInterruptFlag  msp432p4xx_driverlib.lib(cs.o)
    0x000008a8   0x000008a8   0x00000018   Code   RO         1371    i.CS_getACLK        msp432p4xx_driverlib.lib(cs.o)
    0x000008c0   0x000008c0   0x0000010c   Code   RO         1373    i.CS_getDCOFrequency  msp432p4xx_driverlib.lib(cs.o)
    0x000009cc   0x000009cc   0x00000018   Code   RO         1377    i.CS_getMCLK        msp432p4xx_driverlib.lib(cs.o)
    0x000009e4   0x000009e4   0x00000018   Code   RO         1378    i.CS_getSMCLK       msp432p4xx_driverlib.lib(cs.o)
    0x000009fc   0x000009fc   0x0000020c   Code   RO            4    i.DATA_Report       main.o
    0x00000c08   0x00000c08   0x00000014   Code   RO         1633    i.GPIO_getInputPinValue  msp432p4xx_driverlib.lib(gpio.o)
    0x00000c1c   0x00000c1c   0x00000024   Code   RO         1637    i.GPIO_setAsInputPin  msp432p4xx_driverlib.lib(gpio.o)
    0x00000c40   0x00000c40   0x00000020   Code   RO         1640    i.GPIO_setAsOutputPin  msp432p4xx_driverlib.lib(gpio.o)
    0x00000c60   0x00000c60   0x00000014   Code   RO         1645    i.GPIO_setOutputHighOnPin  msp432p4xx_driverlib.lib(gpio.o)
    0x00000c74   0x00000c74   0x00000014   Code   RO         1646    i.GPIO_setOutputLowOnPin  msp432p4xx_driverlib.lib(gpio.o)
    0x00000c88   0x00000c88   0x00000018   Code   RO          407    i.I2C_Start         oled.o
    0x00000ca0   0x00000ca0   0x00000014   Code   RO          408    i.I2C_Stop          oled.o
    0x00000cb4   0x00000cb4   0x00000014   Code   RO          409    i.I2C_WaitAck       oled.o
    0x00000cc8   0x00000cc8   0x0000003a   Code   RO          546    i.IIC_Ack           bsp_mpu6050.o
    0x00000d02   0x00000d02   0x00000026   Code   RO          547    i.IIC_Init          bsp_mpu6050.o
    0x00000d28   0x00000d28   0x0000003a   Code   RO          548    i.IIC_NAck          bsp_mpu6050.o
    0x00000d62   0x00000d62   0x00000056   Code   RO          549    i.IIC_Read_Byte     bsp_mpu6050.o
    0x00000db8   0x00000db8   0x0000006a   Code   RO          550    i.IIC_Send_Byte     bsp_mpu6050.o
    0x00000e22   0x00000e22   0x0000003a   Code   RO          551    i.IIC_Start         bsp_mpu6050.o
    0x00000e5c   0x00000e5c   0x0000003a   Code   RO          552    i.IIC_Stop          bsp_mpu6050.o
    0x00000e96   0x00000e96   0x00000042   Code   RO          553    i.IIC_Wait_Ack      bsp_mpu6050.o
    0x00000ed8   0x00000ed8   0x00000038   Code   RO          259    i.LED_Init          led.o
    0x00000f10   0x00000f10   0x00000014   Code   RO          266    i.LED_R_Tog         led.o
    0x00000f24   0x00000f24   0x00000032   Code   RO          554    i.MPU_Get_Accelerometer  bsp_mpu6050.o
    0x00000f56   0x00000f56   0x00000032   Code   RO          555    i.MPU_Get_Gyroscope  bsp_mpu6050.o
    0x00000f88   0x00000f88   0x00000064   Code   RO          556    i.MPU_Get_Temperature  bsp_mpu6050.o
    0x00000fec   0x00000fec   0x00000096   Code   RO          557    i.MPU_Init          bsp_mpu6050.o
    0x00001082   0x00001082   0x00000002   PAD
    0x00001084   0x00001084   0x00000050   Code   RO            5    i.MPU_Read          main.o
    0x000010d4   0x000010d4   0x0000003a   Code   RO          558    i.MPU_Read_Byte     bsp_mpu6050.o
    0x0000110e   0x0000110e   0x0000005c   Code   RO          559    i.MPU_Read_Len      bsp_mpu6050.o
    0x0000116a   0x0000116a   0x0000000a   Code   RO          560    i.MPU_Set_Accel_Fsr  bsp_mpu6050.o
    0x00001174   0x00001174   0x0000000a   Code   RO          561    i.MPU_Set_Gyro_Fsr  bsp_mpu6050.o
    0x0000117e   0x0000117e   0x00000030   Code   RO          562    i.MPU_Set_LPF       bsp_mpu6050.o
    0x000011ae   0x000011ae   0x0000002e   Code   RO          563    i.MPU_Set_Rate      bsp_mpu6050.o
    0x000011dc   0x000011dc   0x00000048   Code   RO          564    i.MPU_Write_Byte    bsp_mpu6050.o
    0x00001224   0x00001224   0x00000052   Code   RO          565    i.MPU_Write_Len     bsp_mpu6050.o
    0x00001276   0x00001276   0x00000028   Code   RO          418    i.OLED_Set_Pos      oled.o
    0x0000129e   0x0000129e   0x00000002   PAD
    0x000012a0   0x000012a0   0x00000088   Code   RO          419    i.OLED_ShowChar     oled.o
    0x00001328   0x00001328   0x00000038   Code   RO          422    i.OLED_ShowString   oled.o
    0x00001360   0x00001360   0x00000036   Code   RO          423    i.OLED_WR_Byte      oled.o
    0x00001396   0x00001396   0x00000002   PAD
    0x00001398   0x00001398   0x000000ac   Code   RO            6    i.SYS_Init          main.o
    0x00001444   0x00001444   0x00000038   Code   RO          424    i.Send_Byte         oled.o
    0x0000147c   0x0000147c   0x00000048   Code   RO         2073    i.SysCtl_A_getTLVInfo  msp432p4xx_driverlib.lib(sysctl_a.o)
    0x000014c4   0x000014c4   0x00000060   Code   RO          210    i.SystemInit        system_msp432p401r.o
    0x00001524   0x00001524   0x00000092   Code   RO         1781    i.UART_initModule   msp432p4xx_driverlib.lib(uart.o)
    0x000015b6   0x000015b6   0x00000016   Code   RO         1790    i.UART_transmitData  msp432p4xx_driverlib.lib(uart.o)
    0x000015cc   0x000015cc   0x000000c0   Code   RO         1394    i._CSComputeCLKFrequency  msp432p4xx_driverlib.lib(cs.o)
    0x0000168c   0x0000168c   0x00000020   Code   RO         2456    i.__0printf$8       mc_w.l(printf8.o)
    0x000016ac   0x000016ac   0x00000028   Code   RO         2458    i.__0sprintf$8      mc_w.l(printf8.o)
    0x000016d4   0x000016d4   0x00000030   Code   RO         2556    i.__ARM_fpclassify  m_wm.l(fpclassify.o)
    0x00001704   0x00001704   0x00000004   PAD
    0x00001708   0x00001708   0x00000360   Code   RO         2210    i.__hardfp_asin     m_wm.l(asin.o)
    0x00001a68   0x00001a68   0x000002d8   Code   RO         2522    i.__hardfp_atan     m_wm.l(atan.o)
    0x00001d40   0x00001d40   0x000001f0   Code   RO         2224    i.__hardfp_atan2    m_wm.l(atan2.o)
    0x00001f30   0x00001f30   0x000000f8   Code   RO         2558    i.__kernel_poly     m_wm.l(poly.o)
    0x00002028   0x00002028   0x00000014   Code   RO         2537    i.__mathlib_dbl_infnan  m_wm.l(dunder.o)
    0x0000203c   0x0000203c   0x00000014   Code   RO         2538    i.__mathlib_dbl_infnan2  m_wm.l(dunder.o)
    0x00002050   0x00002050   0x00000020   Code   RO         2539    i.__mathlib_dbl_invalid  m_wm.l(dunder.o)
    0x00002070   0x00002070   0x00000020   Code   RO         2542    i.__mathlib_dbl_underflow  m_wm.l(dunder.o)
    0x00002090   0x00002090   0x0000000e   Code   RO         2623    i.__scatterload_copy  mc_w.l(handlers.o)
    0x0000209e   0x0000209e   0x00000002   Code   RO         2624    i.__scatterload_null  mc_w.l(handlers.o)
    0x000020a0   0x000020a0   0x0000000e   Code   RO         2625    i.__scatterload_zeroinit  mc_w.l(handlers.o)
    0x000020ae   0x000020ae   0x00000002   PAD
    0x000020b0   0x000020b0   0x0000000c   Code   RO         2597    i.__set_errno       mc_w.l(errno.o)
    0x000020bc   0x000020bc   0x00000410   Code   RO         2463    i._printf_core      mc_w.l(printf8.o)
    0x000024cc   0x000024cc   0x00000024   Code   RO         2464    i._printf_post_padding  mc_w.l(printf8.o)
    0x000024f0   0x000024f0   0x0000002e   Code   RO         2465    i._printf_pre_padding  mc_w.l(printf8.o)
    0x0000251e   0x0000251e   0x0000000a   Code   RO         2467    i._sputc            mc_w.l(printf8.o)
    0x00002528   0x00002528   0x00000090   Code   RO          689    i.accel_self_test   inv_mpu.o
    0x000025b8   0x000025b8   0x00000010   Code   RO         2524    i.atan              m_wm.l(atan.o)
    0x000025c8   0x000025c8   0x00000010   Code   RO         1294    i.bitPosition       baudarte.o
    0x000025d8   0x000025d8   0x00000028   Code   RO         1324    i.delay_init        delay.o
    0x00002600   0x00002600   0x00000018   Code   RO         1325    i.delay_ms          delay.o
    0x00002618   0x00002618   0x00000034   Code   RO         1326    i.delay_us          delay.o
    0x0000264c   0x0000264c   0x0000003a   Code   RO         1034    i.dmp_enable_6x_lp_quat  inv_mpu_dmp_motion_driver.o
    0x00002686   0x00002686   0x00000002   PAD
    0x00002688   0x00002688   0x000001dc   Code   RO         1035    i.dmp_enable_feature  inv_mpu_dmp_motion_driver.o
    0x00002864   0x00002864   0x00000038   Code   RO         1036    i.dmp_enable_gyro_cal  inv_mpu_dmp_motion_driver.o
    0x0000289c   0x0000289c   0x0000003a   Code   RO         1037    i.dmp_enable_lp_quat  inv_mpu_dmp_motion_driver.o
    0x000028d6   0x000028d6   0x00000002   PAD
    0x000028d8   0x000028d8   0x00000014   Code   RO         1042    i.dmp_load_motion_driver_firmware  inv_mpu_dmp_motion_driver.o
    0x000028ec   0x000028ec   0x0000014c   Code   RO         1043    i.dmp_read_fifo     inv_mpu_dmp_motion_driver.o
    0x00002a38   0x00002a38   0x000000d8   Code   RO         1046    i.dmp_set_accel_bias  inv_mpu_dmp_motion_driver.o
    0x00002b10   0x00002b10   0x00000064   Code   RO         1047    i.dmp_set_fifo_rate  inv_mpu_dmp_motion_driver.o
    0x00002b74   0x00002b74   0x000000cc   Code   RO         1048    i.dmp_set_gyro_bias  inv_mpu_dmp_motion_driver.o
    0x00002c40   0x00002c40   0x0000010c   Code   RO         1050    i.dmp_set_orientation  inv_mpu_dmp_motion_driver.o
    0x00002d4c   0x00002d4c   0x00000030   Code   RO         1053    i.dmp_set_shake_reject_thresh  inv_mpu_dmp_motion_driver.o
    0x00002d7c   0x00002d7c   0x00000020   Code   RO         1054    i.dmp_set_shake_reject_time  inv_mpu_dmp_motion_driver.o
    0x00002d9c   0x00002d9c   0x00000020   Code   RO         1055    i.dmp_set_shake_reject_timeout  inv_mpu_dmp_motion_driver.o
    0x00002dbc   0x00002dbc   0x00000040   Code   RO         1056    i.dmp_set_tap_axes  inv_mpu_dmp_motion_driver.o
    0x00002dfc   0x00002dfc   0x00000022   Code   RO         1057    i.dmp_set_tap_count  inv_mpu_dmp_motion_driver.o
    0x00002e1e   0x00002e1e   0x00000002   PAD
    0x00002e20   0x00002e20   0x00000160   Code   RO         1058    i.dmp_set_tap_thresh  inv_mpu_dmp_motion_driver.o
    0x00002f80   0x00002f80   0x00000020   Code   RO         1059    i.dmp_set_tap_time  inv_mpu_dmp_motion_driver.o
    0x00002fa0   0x00002fa0   0x00000020   Code   RO         1060    i.dmp_set_tap_time_multi  inv_mpu_dmp_motion_driver.o
    0x00002fc0   0x00002fc0   0x0000012c   Code   RO         1295    i.eusci_calcBaudDividers  baudarte.o
    0x000030ec   0x000030ec   0x00000018   Code   RO         2552    i.fabs              m_wm.l(fabs.o)
    0x00003104   0x00003104   0x00000014   Code   RO         1224    i.fputc             usart.o
    0x00003118   0x00003118   0x000000b4   Code   RO          690    i.get_accel_prod_shift  inv_mpu.o
    0x000031cc   0x000031cc   0x00000314   Code   RO          691    i.get_st_biases     inv_mpu.o
    0x000034e0   0x000034e0   0x000000d4   Code   RO          692    i.gyro_self_test    inv_mpu.o
    0x000035b4   0x000035b4   0x00000022   Code   RO          693    i.inv_orientation_matrix_to_scalar  inv_mpu.o
    0x000035d6   0x000035d6   0x00000048   Code   RO          694    i.inv_row_2_scale   inv_mpu.o
    0x0000361e   0x0000361e   0x0000000e   Code   RO            7    i.main              main.o
    0x0000362c   0x0000362c   0x00000002   Code   RO          695    i.mget_ms           inv_mpu.o
    0x0000362e   0x0000362e   0x00000002   PAD
    0x00003630   0x00003630   0x00000058   Code   RO          696    i.mpu_configure_fifo  inv_mpu.o
    0x00003688   0x00003688   0x00000164   Code   RO          697    i.mpu_dmp_get_data  inv_mpu.o
    0x000037ec   0x000037ec   0x000000a4   Code   RO          698    i.mpu_dmp_init      inv_mpu.o
    0x00003890   0x00003890   0x0000003c   Code   RO          699    i.mpu_get_accel_fsr  inv_mpu.o
    0x000038cc   0x000038cc   0x00000044   Code   RO          701    i.mpu_get_accel_sens  inv_mpu.o
    0x00003910   0x00003910   0x00000034   Code   RO          707    i.mpu_get_gyro_fsr  inv_mpu.o
    0x00003944   0x00003944   0x0000004c   Code   RO          709    i.mpu_get_gyro_sens  inv_mpu.o
    0x00003990   0x00003990   0x00000038   Code   RO          711    i.mpu_get_lpf       inv_mpu.o
    0x000039c8   0x000039c8   0x0000001c   Code   RO          713    i.mpu_get_sample_rate  inv_mpu.o
    0x000039e4   0x000039e4   0x00000188   Code   RO          715    i.mpu_init          inv_mpu.o
    0x00003b6c   0x00003b6c   0x000000a4   Code   RO          716    i.mpu_load_firmware  inv_mpu.o
    0x00003c10   0x00003c10   0x000000b8   Code   RO          717    i.mpu_lp_accel_mode  inv_mpu.o
    0x00003cc8   0x00003cc8   0x00000090   Code   RO          720    i.mpu_read_fifo_stream  inv_mpu.o
    0x00003d58   0x00003d58   0x00000054   Code   RO          721    i.mpu_read_mem      inv_mpu.o
    0x00003dac   0x00003dac   0x0000015c   Code   RO          724    i.mpu_reset_fifo    inv_mpu.o
    0x00003f08   0x00003f08   0x000000f0   Code   RO          725    i.mpu_run_self_test  inv_mpu.o
    0x00003ff8   0x00003ff8   0x00000068   Code   RO          727    i.mpu_set_accel_fsr  inv_mpu.o
    0x00004060   0x00004060   0x000000dc   Code   RO          728    i.mpu_set_bypass    inv_mpu.o
    0x0000413c   0x0000413c   0x00000078   Code   RO          730    i.mpu_set_dmp_state  inv_mpu.o
    0x000041b4   0x000041b4   0x0000006c   Code   RO          731    i.mpu_set_gyro_fsr  inv_mpu.o
    0x00004220   0x00004220   0x00000064   Code   RO          732    i.mpu_set_int_latched  inv_mpu.o
    0x00004284   0x00004284   0x0000006c   Code   RO          734    i.mpu_set_lpf       inv_mpu.o
    0x000042f0   0x000042f0   0x00000078   Code   RO          735    i.mpu_set_sample_rate  inv_mpu.o
    0x00004368   0x00004368   0x000000b8   Code   RO          736    i.mpu_set_sensors   inv_mpu.o
    0x00004420   0x00004420   0x00000054   Code   RO          737    i.mpu_write_mem     inv_mpu.o
    0x00004474   0x00004474   0x00000088   Code   RO          738    i.run_self_test     inv_mpu.o
    0x000044fc   0x000044fc   0x00000054   Code   RO          739    i.set_int_enable    inv_mpu.o
    0x00004550   0x00004550   0x0000006e   Code   RO         2563    i.sqrt              m_wm.l(sqrt.o)
    0x000045be   0x000045be   0x00000002   PAD
    0x000045c0   0x000045c0   0x0000004c   Code   RO         1225    i.uart_init         usart.o
    0x0000460c   0x0000460c   0x0000090a   Data   RO          427    .constdata          oled.o
    0x00004f16   0x00004f16   0x0000001b   Data   RO          741    .constdata          inv_mpu.o
    0x00004f31   0x00004f31   0x00000001   PAD
    0x00004f32   0x00004f32   0x0000000c   Data   RO          742    .constdata          inv_mpu.o
    0x00004f3e   0x00004f3e   0x00000002   PAD
    0x00004f40   0x00004f40   0x00000028   Data   RO          743    .constdata          inv_mpu.o
    0x00004f68   0x00004f68   0x00000bf6   Data   RO         1062    .constdata          inv_mpu_dmp_motion_driver.o
    0x00005b5e   0x00005b5e   0x00000002   PAD
    0x00005b60   0x00005b60   0x00000028   Data   RO         1226    .constdata          usart.o
    0x00005b88   0x00005b88   0x0000004c   Data   RO         1649    .constdata          msp432p4xx_driverlib.lib(gpio.o)
    0x00005bd4   0x00005bd4   0x00000004   PAD
    0x00005bd8   0x00005bd8   0x00000050   Data   RO         2213    .constdata          m_wm.l(asin.o)
    0x00005c28   0x00005c28   0x00000098   Data   RO         2525    .constdata          m_wm.l(atan.o)
    0x00005cc0   0x00005cc0   0x00000008   Data   RO         2560    .constdata          m_wm.l(qnan.o)
    0x00005cc8   0x00005cc8   0x0000004d   Data   RO          744    .conststring        inv_mpu.o
    0x00005d15   0x00005d15   0x00000003   PAD
    0x00005d18   0x00005d18   0x00000020   Data   RO         2621    Region$$Table       anon$$obj.o


    Execution Region RW_IRAM1 (Exec base: 0x20000000, Load base: 0x00005d38, Size: 0x000002a0, Max: 0x00010000, ABSOLUTE)

    Exec Addr    Load Addr    Size         Type   Attr      Idx    E Section Name        Object

    0x20000000   0x00005d38   0x0000001c   Data   RW            9    .data               main.o
    0x2000001c   0x00005d54   0x00000035   Data   RW          745    .data               inv_mpu.o
    0x20000051   0x00005d89   0x00000003   PAD
    0x20000054   0x00005d8c   0x00000004   Data   RW         1227    .data               usart.o
    0x20000058   0x00005d90   0x00000001   Data   RW         1327    .data               delay.o
    0x20000059   0x00005d91   0x00000003   PAD
    0x2000005c   0x00005d94   0x00000008   Data   RW         1396    .data               msp432p4xx_driverlib.lib(cs.o)
    0x20000064   0x00005d9c   0x00000004   Data   RW         2598    .data               mc_w.l(errno.o)
    0x20000068        -       0x00000021   Zero   RW            8    .bss                main.o
    0x20000089   0x00005da0   0x00000003   PAD
    0x2000008c        -       0x00000010   Zero   RW         1061    .bss                inv_mpu_dmp_motion_driver.o
    0x2000009c   0x00005da0   0x00000004   PAD
    0x200000a0        -       0x00000200   Zero   RW          242    STACK               startup_msp432p401r_uvision.o


==============================================================================

Image component sizes


      Code (inc. data)   RO Data    RW Data    ZI Data      Debug   Object Name

       316         18          0          0          0       2187   baudarte.o
      1296         22          0          0          0      13719   bsp_mpu6050.o
       116         16          0          1          0       1795   delay.o
      5304        304        156         53          0      31786   inv_mpu.o
      2414        132       3062          0         16      20542   inv_mpu_dmp_motion_driver.o
        76         16          0          0          0       1620   led.o
       790        234          0         28         33      11622   main.o
       406         28       2314          0          0       6029   oled.o
        36          8        324          0        512        840   startup_msp432p401r_uvision.o
        96         20          0          0          0        517   system_msp432p401r.o
        96         16         40          4          0       3102   usart.o

    ----------------------------------------------------------------------
     10960        814       5936         92        568      93759   Object Totals
         0          0         32          0          0          0   (incl. Generated)
        14          0          8          6          7          0   (incl. Padding)

    ----------------------------------------------------------------------

      Code (inc. data)   RO Data    RW Data    ZI Data      Debug   Library Member Name

       864         94         80          0          0        280   asin.o
       744        106        152          0          0        352   atan.o
       496         64          0          0          0        192   atan2.o
       104         16          0          0          0        496   dunder.o
        24          0          0          0          0        124   fabs.o
        48          0          0          0          0        124   fpclassify.o
       248          0          0          0          0        152   poly.o
         0          0          8          0          0          0   qnan.o
       110          0          0          0          0        148   sqrt.o
         0          0          0          0          0          0   entry.o
         0          0          0          0          0          0   entry10a.o
         0          0          0          0          0          0   entry11a.o
         8          4          0          0          0          0   entry2.o
         4          0          0          0          0          0   entry5.o
         0          0          0          0          0          0   entry7b.o
         0          0          0          0          0          0   entry8b.o
         8          4          0          0          0          0   entry9a.o
        12          6          0          4          0         68   errno.o
        30          0          0          0          0          0   handlers.o
        36          8          0          0          0         68   init.o
         0          0          0          0          0          0   iusefp.o
        98          0          0          0          0         84   ldiv.o
        30          0          0          0          0         68   llshl.o
        36          0          0          0          0         68   llsshr.o
        32          0          0          0          0         68   llushr.o
        26          0          0          0          0         80   memcmp.o
        36          0          0          0          0         68   memcpya.o
        36          0          0          0          0        108   memseta.o
      1204         60          0          0          0        504   printf8.o
        98          0          0          0          0         92   uldiv.o
        56          0          0          0          0         88   d2f.o
       334          0          0          0          0        148   dadd.o
       222          0          0          0          0        100   ddiv.o
       186          0          0          0          0        176   depilogue.o
        34          0          0          0          0         76   dflti.o
       228          0          0          0          0         96   dmul.o
       162          0          0          0          0        100   dsqrt.o
        38          0          0          0          0         68   f2d.o
       110          0          0          0          0        168   fepilogue.o
       568         88          0          8          0      11922   cs.o
       128         26         76          0          0       4516   gpio.o
        72          8          0          0          0       1537   sysctl_a.o
       168          0          0          0          0       5848   uart.o

    ----------------------------------------------------------------------
      6648        484        320         12          0      27987   Library Totals
        10          0          4          0          0          0   (incl. Padding)

    ----------------------------------------------------------------------

      Code (inc. data)   RO Data    RW Data    ZI Data      Debug   Library Name

      2638        280        240          0          0       1868   m_wm.l
      1694         82          0          4          0       1276   mc_w.l
      1370          0          0          0          0       1020   mf_w.l
       936        122         76          8          0      23823   msp432p4xx_driverlib.lib

    ----------------------------------------------------------------------
      6648        484        320         12          0      27987   Library Totals

    ----------------------------------------------------------------------

==============================================================================


      Code (inc. data)   RO Data    RW Data    ZI Data      Debug   

     17608       1298       6256        104        568     109506   Grand Totals
     17608       1298       6256        104        568     109506   ELF Image Totals
     17608       1298       6256        104          0          0   ROM Totals

==============================================================================

    Total RO  Size (Code + RO Data)                23864 (  23.30kB)
    Total RW  Size (RW Data + ZI Data)               672 (   0.66kB)
    Total ROM Size (Code + RO Data + RW Data)      23968 (  23.41kB)

==============================================================================

